Reviewing 44651 records with 24 workers
  200/44651 (200 skip, 0 err) 13.6/s eta=3263s
  400/44651 (400 skip, 0 err) 27.2/s eta=1625s
  600/44651 (600 skip, 0 err) 40.9/s eta=1078s
  800/44651 (800 skip, 0 err) 54.5/s eta=805s
  1000/44651 (1000 skip, 0 err) 68.1/s eta=641s
  1200/44651 (1200 skip, 0 err) 81.7/s eta=532s
  1400/44651 (1400 skip, 0 err) 95.3/s eta=454s
  1600/44651 (1600 skip, 0 err) 108.9/s eta=395s
  1800/44651 (1800 skip, 0 err) 122.5/s eta=350s
  2000/44651 (2000 skip, 0 err) 136.1/s eta=313s
  2200/44651 (2200 skip, 0 err) 149.7/s eta=284s
  2400/44651 (2400 skip, 0 err) 163.3/s eta=259s
  2600/44651 (2600 skip, 0 err) 176.9/s eta=238s
  2800/44651 (2800 skip, 0 err) 190.5/s eta=220s
  3000/44651 (3000 skip, 0 err) 204.1/s eta=204s
  3200/44651 (3200 skip, 0 err) 217.7/s eta=190s
  3400/44651 (3400 skip, 0 err) 231.3/s eta=178s
  3600/44651 (3600 skip, 0 err) 244.8/s eta=168s
  3800/44651 (3782 skip, 0 err) 258.4/s eta=158s
  4000/44651 (3966 skip, 0 err) 272.0/s eta=149s
  4200/44651 (4166 skip, 0 err) 285.4/s eta=142s
  4400/44651 (4361 skip, 0 err) 299.0/s eta=135s
  4600/44651 (4560 skip, 0 err) 312.5/s eta=128s
  4800/44651 (4760 skip, 0 err)  5200/44651 (0 skip, 6 err) 3.0/s eta=13142s
  5400/44651 (0 skip, 6 err) 3.0/s eta=13059s
  5600/44651 (0 skip, 6 err) 3.0/s eta=12994s
  5800/44651 (0 skip, 6 err) 3.0/s eta=12984s
  6000/44651 (0 skip, 6 err) 3.0/s eta=12857s
  6200/44651 (0 skip, 6 err) 3.0/s eta=12766s
  6400/44651 (0 skip, 6 err) 3.0/s eta=12679s
  6600/44651 (0 skip, 7 err) 3.0/s eta=12577s
  6800/44651 (0 skip, 7 err) 3.0/s eta=12506s
  7000/44651 (0 skip, 7 err) 3.0/s eta=12423s
  7200/44651 (0 skip, 7 err) 3.0/s eta=12310s
  7400/44651 (0 skip, 7 err) 3.1/s eta=12202s
  7600/44651 (0 skip, 7 err) 3.1/s eta=12105s
  7800/44651 (0 skip, 7 err) 3.1/s eta=11994s
  8000/44651 (0 skip, 7 err) 3.1/s eta=11890s
  8200/44651 (0 skip, 7 err) 3.1/s eta=11818s
  8400/44651 (0 skip, 7 err) 3.1/s eta=11722s
  8600/44651 (0 skip, 7 err) 3.1/s eta=11644s
  8800/44651 (0 skip, 7 err) 3.1/s eta=11576s
  9000/44651 (0 skip, 7 err) 3.1/s eta=11503s
  9200/44651 (0 skip, 7 err) 3.1/s eta=11428s
  9400/44651 (0 skip, 7 err) 3.1/s eta=11369s
  9600/44651 (0 skip, 7 err) 3.1/s eta=11312s
  9800/44651 (0 skip, 7 err) 3.1/s eta=11214s
  10000/44651 (0 skip, 7 err) 3.1/s eta=11179s
  10200/44651 (0 skip, 7 err) 3.1/s eta=11136s
  10400/44651 (0 skip, 7 err) 3.1/s eta=11086s
  10600/44651 (0 skip, 7 err) 3.1/s eta=11020s
  10800/44651 (0 skip, 7 err) 3.1/s eta=10951s
  11000/44651 (0 skip, 7 err) 3.1/s eta=10857s
  11200/44651 (0 skip, 7 err) 3.1/s eta=10774s
  11400/44651 (1 skip, 7 err) 3.1/s eta=10718s
  11600/44651 (4 skip, 9 err) 3.1/s eta=10640s
  11800/44651 (4 skip, 10 err) 3.1/s eta=10589s
  12000/44651 (4 skip, 11 err) 3.1/s eta=10540s
  12200/44651 (4 skip, 12 err) 3.1/s eta=10472s
  12400/44651 (6 skip, 12 err) 3.1/s eta=10433s
  12600/44651 (6 skip, 12 err) 3.1/s eta=10372s
  12800/44651 (6 skip, 13 err) 3.1/s eta=10313s
  13000/44651 (6 skip, 14 err) 3.1/s eta=10243s
  13200/44651 (6 skip, 16 err) 3.1/s eta=10169s
  13400/44651 (6 skip, 16 err) 3.1/s eta=10136s
  13600/44651 (6 skip, 18 err) 3.1/s eta=10084s
  13800/44651 (7 skip, 31 err) 3.1/s eta=10093s
  14000/44651 (7 skip, 32 err) 3.1/s eta=10028s
  14200/44651 (7 skip, 32 err) 3.1/s eta=9968s
  14400/44651 (7 skip, 33 err) 3.0/s eta=9933s
  14600/44651 (7 skip, 34 err) 3.0/s eta=9884s
  14800/44651 (7 skip, 35 err) 3.0/s eta=9840s
  15000/44651 (7 skip, 36 err) 3.0/s eta=9782s
  15200/44651 (7 skip, 36 err) 3.0/s eta=9722s
  15400/44651 (7 skip, 78 err) 3.0/s eta=9873s
  15600/44651 (7 skip, 78 err) 3.0/s eta=9844s
  15800/44651 (7 skip, 79 err) 3.0/s eta=9780s
  16000/44651 (7 skip, 79 err) 2.9/s eta=9722s
  16200/44651 (7 skip, 79 err) 2.9/s eta=9671s
  16400/44651 (7 skip, 79 err) 2.9/s eta=9599s
  16600/44651 (7 skip, 79 err) 2.9/s eta=9522s
  16800/44651 (7 skip, 80 err) 2.9/s eta=9482s
  17000/44651 (7 skip, 80 err) 2.9/s eta=9419s
  17200/44651 (8 skip, 81 err) 2.9/s eta=9367s
  17400/44651 (8 skip, 81 err) 2.9/s eta=9290s
  17600/44651 (8 skip, 82 err) 2.9/s eta=9221s
  17800/44651 (8 skip, 83 err) 2.9/s eta=9146s
  18000/44651 (8 skip, 83 err) 2.9/s eta=9075s
  18200/44651 (8 skip, 106 err) 2.9/s eta=9099s
  18400/44651 (9 skip, 107 err) 2.9/s eta=9042s
  18600/44651 (9 skip, 108 err) 2.9/s eta=8984s
  18800/44651 (9 skip, 108 err) 2.9/s eta=8927s
  19000/44651 (9 skip, 108 err) 2.9/s eta=8870s
  19200/44651 (9 skip, 108 err) 2.9/s eta=8816s
  19400/44651 (9 skip, 109 err) 2.9/s eta=8749s
  19600/44651 (9 skip, 110 err) 2.9/s eta=8676s
  19800/44651 (9 skip, 110 err) 2.9/s eta=8610s
  20000/44651 (10 skip, 112 err) 2.9/s eta=8540s
  20200/44651 (10 skip, 112 err) 2.9/s eta=8468s
  20400/44651 (15 skip, 112 err) 2.9/s eta=8413s
  20600/44651 (18 skip, 113 err) 2.9/s eta=8356s
  20800/44651 (18 skip, 114 err) 2.9/s eta=8282s
  21000/44651 (20 skip, 115 err) 2.9/s eta=8218s
  21200/44651 (20 skip, 117 err) 2.9/s eta=8164s
  21400/44651 (20 skip, 117 err) 2.9/s eta=8092s
  21600/44651 (20 skip, 118 err) 2.9/s eta=8026s
  21800/44651 (20 skip, 118 err) 2.9/s eta=7955s
  22000/44651 (20 skip, 118 err) 2.9/s eta=7885s
  22200/44651 (22 skip, 119 err) 2.9/s eta=7820s
  22400/44651 (22 skip, 119 err) 2.9/s eta=7757s
  22600/44651 (22 skip, 119 err) 2.9/s eta=7687s
  22800/44651 (22 skip, 119 err) 2.9/s eta=7618s
  23000/44651 (23 skip, 120 err) 2.9/s eta=7555s
  23200/44651 (23 skip, 123 err) 2.9/s eta=7485s
  23400/44651 (23 skip, 123 err) 2.9/s eta=7427s
  23600/44651 (23 skip, 124 err) 2.9/s eta=7379s
  23800/44651 (23 skip, 124 err) 2.9/s eta=7312s
  24000/44651 (23 skip, 124 err) 2.8/s eta=7250s
  24200/44651 (23 skip, 124 err) 2.8/s eta=7197s
  24400/44651 (23 skip, 124 err) 2.8/s eta=7145s
  24600/44651 (27 skip, 124 err) 2.8/s eta=7075s
  24800/44651 (39 skip, 125 err) 2.8/s eta=7003s
  25000/44651 (43 skip, 125 err) 2.8/s eta=6934s
  25200/44651 (45 skip, 125 err) 2.8/s eta=6866s
  25400/44651 (45 skip, 125 err) 2.8/s eta=6800s
  25600/44651 (45 skip, 125 err) 2.8/s eta=6732s
  25800/44651 (45 skip, 125 err) 2.8/s eta=6661s
  26000/44651 (45 skip, 125 err) 2.8/s eta=6598s
  26200/44651 (45 skip, 125 err) 2.8/s eta=6528s
  26400/44651 (45 skip, 125 err) 2.8/s eta=6469s
  26600/44651 (45 skip, 126 err) 2.8/s eta=6417s
  26800/44651 (51 skip, 127 err) 2.8/s eta=6352s
  27000/44651 (52 skip, 128 err) 2.8/s eta=6287s
  27200/44651 (52 skip, 128 err) 2.8/s eta=6214s
  27400/44651 (52 skip, 128 err) 2.8/s eta=6142s
  27600/44651 (55 skip, 128 err) 2.8/s eta=6075s
  27800/44651 (55 skip, 129 err) 2.8/s eta=6001s
  28000/44651 (55 skip, 129 err) 2.8/s eta=5939s
  28200/44651 (55 skip, 130 err) 2.8/s eta=5867s
  28400/44651 (56 skip, 131 err) 2.8/s eta=5802s
  28600/44651 (56 skip, 131 err) 2.8/s eta=5730s
  28800/44651 (56 skip, 131 err) 2.8/s eta=5662s
  29000/44651 (58 skip, 131 err) 2.8/s eta=5596s
  29200/44651 (58 skip, 132 err) 2.8/s eta=5520s
  29400/44651 (59 skip, 132 err) 2.8/s eta=5447s
  29600/44651 (59 skip, 132 err) 2.8/s eta=5372s
  29800/44651 (61 skip, 133 err) 2.8/s eta=5303s
  30000/44651 (64 skip, 134 err) 2.8/s eta=5229s
  30200/44651 (64 skip, 134 err) 2.8/s eta=5156s
  30400/44651 (65 skip, 134 err) 2.8/s eta=5085s
  30600/44651 (65 skip, 135 err) 2.8/s eta=5012s
  30800/44651 (68 skip, 135 err) 2.8/s eta=4941s
  31000/44651 (69 skip, 135 err) 2.8/s eta=4875s
  31200/44651 (75 skip, 136 err) 2.8/s eta=4812s
  31400/44651 (75 skip, 137 err) 2.8/s eta=4744s
  31600/44651 (79 skip, 137 err) 2.8/s eta=4673s
  31800/44651 (84 skip, 139 err) 2.8/s eta=4602s
  32000/44651 (84 skip, 139 err) 2.8/s eta=4531s
  32200/44651 (84 skip, 140 err) 2.8/s eta=4462s
  32400/44651 (84 skip, 140 err) 2.8/s eta=4393s
  32600/44651 (84 skip, 140 err) 2.8/s eta=4323s
  32800/44651 (85 skip, 140 err) 2.8/s eta=4256s
  33000/44651 (85 skip, 140 err) 2.8/s eta=4187s
  33200/44651 (85 skip, 140 err) 2.8/s eta=4128s
  33400/44651 (85 skip, 140 err) 2.8/s eta=4072s
  33600/44651 (85 skip, 140 err) 2.8/s eta=4015s
  33800/44651 (85 skip, 141 err) 2.7/s eta=3952s
  34000/44651 (94 skip, 142 err) 2.7/s eta=3882s
  34200/44651 (94 skip, 142 err) 2.7/s eta=3810s
  34400/44651 (97 skip, 142 err) 2.7/s eta=3737s
  34600/44651 (97 skip, 142 err) 2.7/s eta=3666s
  34800/44651 (97 skip, 145 err) 2.7/s eta=3597s
  35000/44651 (97 skip, 147 err) 2.7/s eta=3526s
  35200/44651 (97 skip, 148 err) 2.7/s eta=3454s
  35400/44651 (97 skip, 148 err) 2.7/s eta=3381s
  35600/44651 (97 skip, 150 err) 2.7/s eta=3310s
  35800/44651 (97 skip, 150 err) 2.7/s eta=3239s
  36000/44651 (97 skip, 151 err) 2.7/s eta=3166s
  36200/44651 (98 skip, 151 err) 2.7/s eta=3094s
  36400/44651 (99 skip, 152 err) 2.7/s eta=3021s
  36600/44651 (99 skip, 152 err) 2.7/s eta=2950s
  36800/44651 (99 skip, 153 err) 2.7/s eta=2878s
  37000/44651 (99 skip, 153 err) 2.7/s eta=2809s
  37200/44651 (99 skip, 154 err) 2.7/s eta=2735s
  37400/44651 (99 skip, 154 err) 2.7/s eta=2667s
  37600/44651 (99 skip, 155 err) 2.7/s eta=2599s
  37800/44651 (99 skip, 155 err) 2.7/s eta=2526s
  38000/44651 (99 skip, 155 err) 2.7/s eta=2457s
  38200/44651 (99 skip, 156 err) 2.7/s eta=2385s
  38400/44651 (99 skip, 156 err) 2.7/s eta=2315s
  38600/44651 (105 skip, 158 err) 2.7/s eta=2242s
  38800/44651 (105 skip, 160 err) 2.7/s eta=2170s
  39000/44651 (109 skip, 184 err) 2.7/s eta=2111s
  39200/44651 (109 skip, 184 err) 2.7/s eta=2038s
  39400/44651 (109 skip, 184 err) 2.7/s eta=1964s
  39600/44651 (109 skip, 184 err) 2.7/s eta=1889s
  39800/44651 (109 skip, 184 err) 2.7/s eta=1814s
  40000/44651 (109 skip, 184 err) 2.7/s eta=1741s
  40200/44651 (112 skip, 184 err) 2.7/s eta=1666s
  40400/44651 (114 skip, 184 err) 2.7/s eta=1591s
  40600/44651 (114 skip, 184 err) 2.7/s eta=1516s
  40800/44651 (114 skip, 184 err) 2.7/s eta=1442s
  41000/44651 (114 skip, 184 err) 2.7/s eta=1367s
  41200/44651 (114 skip, 184 err) 2.7/s eta=1293s
  41400/44651 (114 skip, 184 err) 2.7/s eta=1219s
  41600/44651 (114 skip, 184 err) 2.7/s eta=1144s
  41800/44651 (114 skip, 186 err) 2.7/s eta=1069s
  42000/44651 (114 skip, 186 err) 2.7/s eta=994s
  42200/44651 (114 skip, 187 err) 2.7/s eta=920s
  42400/44651 (114 skip, 190 err) 2.7/s eta=845s
  42600/44651 (114 skip, 190 err) 2.7/s eta=770s
  42800/44651 (114 skip, 190 err) 2.7/s eta=694s
  43000/44651 (114 skip, 190 err) 2.7/s eta=619s
  43200/44651 (114 skip, 191 err) 2.7/s eta=544s
  43400/44651 (114 skip, 191 err) 2.7/s eta=469s
  43600/44651 (114 skip, 191 err) 2.7/s eta=394s
  43800/44651 (114 skip, 191 err) 2.7/s eta=319s
  44000/44651 (114 skip, 196 err) 2.7/s eta=244s
  44200/44651 (114 skip, 196 err) 2.7/s eta=169s
  44400/44651 (114 skip, 196 err) 2.7/s eta=94s
, 169 err)   42800/44651 (  43000/44651 (1521 skip, 169 err)   43000/44651 
  43200/44651 (1521 skip, 169 err)   43200/44651 (  43400/44651 (1521 skip, 170 err) 2.8/s eta=454s
  43600/44651 (1525 skip, 171 err) 2.8/s eta=381s
  43800/44651 (1529 skip, 171 err) 2.8/s eta=309s
  44000/44651 (1536 skip, 175 err) 2.8/s eta=236s
  44200/44651 (1536 skip, 175 err) 2.8/s eta=164s
  44400/44651 (1536 skip, 175 err) 2.8/s eta=91s
