Processing 61493 targets in batches of 10 with 8 workers
  200/61493 ok=58 rate=5.5/s eta=11052s
    statuses: {'filtered': 132, 'ok': 58, 'no_target': 10}
  400/61493 ok=120 rate=5.2/s eta=11717s
    statuses: {'filtered': 260, 'ok': 120, 'no_target': 10, 'json_err:Expecting value: line 1 column 2 (char 1)': 10}
  600/61493 ok=143 rate=5.3/s eta=11569s
    statuses: {'filtered': 427, 'ok': 143, 'json_err:Expecting value: line 1 column 2 (char 1)': 20, 'no_target': 10}
  800/61493 ok=201 rate=4.8/s eta=12548s
    statuses: {'filtered': 549, 'ok': 201, 'json_err:Expecting value: line 1 column 2 (char 1)': 40, 'no_target': 10}
  1000/61493 ok=282 rate=4.7/s eta=12942s
    statuses: {'filtered': 658, 'ok': 282, 'json_err:Expecting value: line 1 column 2 (char 1)': 40, 'no_target': 10, 'no_content': 10}
  1200/61493 ok=350 rate=4.8/s eta=12591s
    statuses: {'filtered': 780, 'ok': 350, 'json_err:Expecting value: line 1 column 2 (char 1)': 40, 'no_content': 20, 'no_target': 10}
  1400/61493 ok=440 rate=4.9/s eta=12317s
    statuses: {'filtered': 890, 'ok': 440, 'json_err:Expecting value: line 1 column 2 (char 1)': 40, 'no_content': 20, 'no_target': 10}
  1600/61493 ok=548 rate=5.0/s eta=12008s
    statuses: {'filtered': 962, 'ok': 548, 'json_err:Expecting value: line 1 column 2 (char 1)': 60, 'no_content': 20, 'no_target': 10}
  1800/61493 ok=672 rate=4.9/s eta=12070s
    statuses: {'filtered': 1038, 'ok': 672, 'json_err:Expecting value: line 1 column 2 (char 1)': 60, 'no_content': 20, 'no_target': 10}
  2000/61493 ok=771 rate=5.0/s eta=11931s
    statuses: {'filtered': 1139, 'ok': 771, 'json_err:Expecting value: line 1 column 2 (char 1)': 60, 'no_content': 20, 'no_target': 10}
  2200/61493 ok=890 rate=5.0/s eta=11895s
    statuses: {'filtered': 1220, 'ok': 890, 'json_err:Expecting value: line 1 column 2 (char 1)': 60, 'no_content': 20, 'no_target': 10}
  2400/61493 ok=977 rate=5.1/s eta=11651s
    statuses: {'filtered': 1313, 'ok': 977, 'json_err:Expecting value: line 1 column 2 (char 1)': 70, 'no_content': 30, 'no_target': 10}
  2600/61493 ok=1128 rate=5.1/s eta=11628s
    statuses: {'filtered': 1362, 'ok': 1128, 'json_err:Expecting value: line 1 column 2 (char 1)': 70, 'no_content': 30, 'no_target': 10}
  2800/61493 ok=1238 rate=5.1/s eta=11437s
    statuses: {'filtered': 1452, 'ok': 1238, 'json_err:Expecting value: line 1 column 2 (char 1)': 70, 'no_content': 30, 'no_target': 10}
  3000/61493 ok=1353 rate=5.1/s eta=11389s
    statuses: {'filtered': 1527, 'ok': 1353, 'json_err:Expecting value: line 1 column 2 (char 1)': 80, 'no_content': 30, 'no_target': 10}
  3200/61493 ok=1468 rate=5.2/s eta=11290s
    statuses: {'filtered': 1612, 'ok': 1468, 'json_err:Expecting value: line 1 column 2 (char 1)': 80, 'no_content': 30, 'no_target': 10}
  3400/61493 ok=1579 rate=5.1/s eta=11345s
    statuses: {'filtered': 1671, 'ok': 1579, 'json_err:Expecting value: line 1 column 2 (char 1)': 110, 'no_content': 30, 'no_target': 10}
  3600/61493 ok=1678 rate=5.1/s eta=11338s
    statuses: {'filtered': 1762, 'ok': 1678, 'json_err:Expecting value: line 1 column 2 (char 1)': 110, 'no_content': 40, 'no_target': 10}
  3800/61493 ok=1767 rate=5.1/s eta=11304s
    statuses: {'filtered': 1853, 'ok': 1767, 'json_err:Expecting value: line 1 column 2 (char 1)': 130, 'no_content': 40, 'no_target': 10}
  4000/61493 ok=1897 rate=5.1/s eta=11353s
    statuses: {'filtered': 1913, 'ok': 1897, 'json_err:Expecting value: line 1 column 2 (char 1)': 140, 'no_content': 40, 'no_target': 10}
  4200/61493 ok=2012 rate=5.0/s eta=11438s
    statuses: {'ok': 2012, 'filtered': 1988, 'json_err:Expecting value: line 1 column 2 (char 1)': 140, 'no_content': 50, 'no_target': 10}
  4400/61493 ok=2121 rate=5.0/s eta=11410s
    statuses: {'ok': 2121, 'filtered': 2049, 'json_err:Expecting value: line 1 column 2 (char 1)': 160, 'no_content': 60, 'no_target': 10}
  4600/61493 ok=2203 rate=5.0/s eta=11463s
    statuses: {'ok': 2203, 'filtered': 2167, 'json_err:Expecting value: line 1 column 2 (char 1)': 160, 'no_content': 60, 'no_target': 10}
  4800/61493 ok=2328 rate=5.0/s eta=11443s
    statuses: {'ok': 2328, 'filtered': 2232, 'json_err:Expecting value: line 1 column 2 (char 1)': 170, 'no_content': 60, 'no_target': 10}
  5000/61493 ok=2467 rate=4.9/s eta=11479s
    statuses: {'ok': 2467, 'filtered': 2293, 'json_err:Expecting value: line 1 column 2 (char 1)': 170, 'no_content': 60, 'no_target': 10}
  5200/61493 ok=2533 rate=4.9/s eta=11583s
    statuses: {'ok': 2533, 'filtered': 2407, 'json_err:Expecting value: line 1 column 2 (char 1)': 180, 'no_content': 70, 'no_target': 10}
  5400/61493 ok=2623 rate=4.8/s eta=11728s
    statuses: {'ok': 2623, 'filtered': 2497, 'json_err:Expecting value: line 1 column 2 (char 1)': 190, 'no_content': 80, 'no_target': 10}
  5600/61493 ok=2719 rate=4.7/s eta=11857s
    statuses: {'ok': 2719, 'filtered': 2581, 'json_err:Expecting value: line 1 column 2 (char 1)': 190, 'no_content': 100, 'no_target': 10}
  5800/61493 ok=2840 rate=4.7/s eta=11973s
    statuses: {'ok': 2840, 'filtered': 2650, 'json_err:Expecting value: line 1 column 2 (char 1)': 190, 'no_content': 110, 'no_target': 10}
  6000/61493 ok=2924 rate=4.6/s eta=12043s
    statuses: {'ok': 2924, 'filtered': 2736, 'json_err:Expecting value: line 1 column 2 (char 1)': 200, 'no_content': 130, 'no_target': 10}
  6200/61493 ok=3063 rate=4.6/s eta=12052s
    statuses: {'ok': 3063, 'filtered': 2777, 'json_err:Expecting value: line 1 column 2 (char 1)': 210, 'no_content': 140, 'no_target': 10}
  6400/61493 ok=3218 rate=4.6/s eta=11947s
    statuses: {'ok': 3218, 'filtered': 2812, 'json_err:Expecting value: line 1 column 2 (char 1)': 210, 'no_content': 150, 'no_target': 10}
  6600/61493 ok=3360 rate=4.6/s eta=11837s
    statuses: {'ok': 3360, 'filtered': 2870, 'json_err:Expecting value: line 1 column 2 (char 1)': 210, 'no_content': 150, 'no_target': 10}
  6800/61493 ok=3465 rate=4.6/s eta=11787s
    statuses: {'ok': 3465, 'filtered': 2965, 'json_err:Expecting value: line 1 column 2 (char 1)': 210, 'no_content': 150, 'no_target': 10}
  7000/61493 ok=3581 rate=4.6/s eta=11781s
    statuses: {'ok': 3581, 'filtered': 3049, 'json_err:Expecting value: line 1 column 2 (char 1)': 210, 'no_content': 150, 'no_target': 10}
  7200/61493 ok=3664 rate=4.6/s eta=11765s
    statuses: {'ok': 3664, 'filtered': 3156, 'json_err:Expecting value: line 1 column 2 (char 1)': 210, 'no_content': 160, 'no_target': 10}
  7400/61493 ok=3753 rate=4.6/s eta=11691s
    statuses: {'ok': 3753, 'filtered': 3237, 'json_err:Expecting value: line 1 column 2 (char 1)': 230, 'no_content': 170, 'no_target': 10}
  7600/61493 ok=3862 rate=4.6/s eta=11635s
    statuses: {'ok': 3862, 'filtered': 3318, 'json_err:Expecting value: line 1 column 2 (char 1)': 240, 'no_content': 170, 'no_target': 10}
  7800/61493 ok=3973 rate=4.6/s eta=11615s
    statuses: {'ok': 3973, 'filtered': 3407, 'json_err:Expecting value: line 1 column 2 (char 1)': 240, 'no_content': 170, 'no_target': 10}
  8000/61493 ok=4099 rate=4.6/s eta=11587s
    statuses: {'ok': 4099, 'filtered': 3481, 'json_err:Expecting value: line 1 column 2 (char 1)': 240, 'no_content': 170, 'no_target': 10}
  8200/61493 ok=4247 rate=4.6/s eta=11568s
    statuses: {'ok': 4247, 'filtered': 3523, 'json_err:Expecting value: line 1 column 2 (char 1)': 240, 'no_content': 180, 'no_target': 10}
  8400/61493 ok=4322 rate=4.6/s eta=11639s
    statuses: {'ok': 4322, 'filtered': 3628, 'json_err:Expecting value: line 1 column 2 (char 1)': 260, 'no_content': 180, 'no_target': 10}
  8600/61493 ok=4446 rate=4.5/s eta=11670s
    statuses: {'ok': 4446, 'filtered': 3684, 'json_err:Expecting value: line 1 column 2 (char 1)': 260, 'no_content': 200, 'no_target': 10}
  8800/61493 ok=4588 rate=4.5/s eta=11616s
    statuses: {'ok': 4588, 'filtered': 3732, 'json_err:Expecting value: line 1 column 2 (char 1)': 260, 'no_content': 210, 'no_target': 10}
  9000/61493 ok=4711 rate=4.6/s eta=11530s
    statuses: {'ok': 4711, 'filtered': 3799, 'json_err:Expecting value: line 1 column 2 (char 1)': 260, 'no_content': 220, 'no_target': 10}
  9200/61493 ok=4811 rate=4.6/s eta=11446s
    statuses: {'ok': 4811, 'filtered': 3869, 'json_err:Expecting value: line 1 column 2 (char 1)': 290, 'no_content': 220, 'no_target': 10}
  9400/61493 ok=4915 rate=4.6/s eta=11352s
    statuses: {'ok': 4915, 'filtered': 3945, 'json_err:Expecting value: line 1 column 2 (char 1)': 310, 'no_content': 220, 'no_target': 10}
  9600/61493 ok=5067 rate=4.6/s eta=11276s
    statuses: {'ok': 5067, 'filtered': 3993, 'json_err:Expecting value: line 1 column 2 (char 1)': 310, 'no_content': 220, 'no_target': 10}
  9800/61493 ok=5198 rate=4.6/s eta=11163s
    statuses: {'ok': 5198, 'filtered': 4062, 'json_err:Expecting value: line 1 column 2 (char 1)': 310, 'no_content': 220, 'no_target': 10}
  10000/61493 ok=5291 rate=4.6/s eta=11074s
    statuses: {'ok': 5291, 'filtered': 4169, 'json_err:Expecting value: line 1 column 2 (char 1)': 310, 'no_content': 220, 'no_target': 10}
  10200/61493 ok=5396 rate=4.7/s eta=10996s
    statuses: {'ok': 5396, 'filtered': 4264, 'json_err:Expecting value: line 1 column 2 (char 1)': 310, 'no_content': 220, 'no_target': 10}
  10400/61493 ok=5533 rate=4.7/s eta=10908s
    statuses: {'ok': 5533, 'filtered': 4327, 'json_err:Expecting value: line 1 column 2 (char 1)': 310, 'no_content': 220, 'no_target': 10}
  10600/61493 ok=5646 rate=4.7/s eta=10819s
    statuses: {'ok': 5646, 'filtered': 4404, 'json_err:Expecting value: line 1 column 2 (char 1)': 320, 'no_content': 220, 'no_target': 10}
  10800/61493 ok=5808 rate=4.7/s eta=10741s
    statuses: {'ok': 5808, 'filtered': 4442, 'json_err:Expecting value: line 1 column 2 (char 1)': 320, 'no_content': 220, 'no_target': 10}
  11000/61493 ok=5922 rate=4.7/s eta=10666s
    statuses: {'ok': 5922, 'filtered': 4518, 'json_err:Expecting value: line 1 column 2 (char 1)': 330, 'no_content': 220, 'no_target': 10}
  11200/61493 ok=6032 rate=4.7/s eta=10596s
    statuses: {'ok': 6032, 'filtered': 4608, 'json_err:Expecting value: line 1 column 2 (char 1)': 330, 'no_content': 220, 'no_target': 10}
  11400/61493 ok=6121 rate=4.8/s eta=10514s
    statuses: {'ok': 6121, 'filtered': 4699, 'json_err:Expecting value: line 1 column 2 (char 1)': 350, 'no_content': 220, 'no_target': 10}
  11600/61493 ok=6235 rate=4.8/s eta=10445s
    statuses: {'ok': 6235, 'filtered': 4765, 'json_err:Expecting value: line 1 column 2 (char 1)': 370, 'no_content': 220, 'no_target': 10}
  11800/61493 ok=6326 rate=4.8/s eta=10358s
    statuses: {'ok': 6326, 'filtered': 4864, 'json_err:Expecting value: line 1 column 2 (char 1)': 380, 'no_content': 220, 'no_target': 10}
  12000/61493 ok=6427 rate=4.8/s eta=10285s
    statuses: {'ok': 6427, 'filtered': 4963, 'json_err:Expecting value: line 1 column 2 (char 1)': 380, 'no_content': 220, 'no_target': 10}
  12200/61493 ok=6529 rate=4.8/s eta=10219s
    statuses: {'ok': 6529, 'filtered': 5061, 'json_err:Expecting value: line 1 column 2 (char 1)': 380, 'no_content': 220, 'no_target': 10}
  12400/61493 ok=6632 rate=4.8/s eta=10149s
    statuses: {'ok': 6632, 'filtered': 5138, 'json_err:Expecting value: line 1 column 2 (char 1)': 400, 'no_content': 220, 'no_target': 10}
  12600/61493 ok=6749 rate=4.9/s eta=10060s
    statuses: {'ok': 6749, 'filtered': 5221, 'json_err:Expecting value: line 1 column 2 (char 1)': 400, 'no_content': 220, 'no_target': 10}
  12800/61493 ok=6864 rate=4.9/s eta=9995s
    statuses: {'ok': 6864, 'filtered': 5306, 'json_err:Expecting value: line 1 column 2 (char 1)': 400, 'no_content': 220, 'no_target': 10}
  13000/61493 ok=6979 rate=4.9/s eta=9929s
    statuses: {'ok': 6979, 'filtered': 5391, 'json_err:Expecting value: line 1 column 2 (char 1)': 400, 'no_content': 220, 'no_target': 10}
  13200/61493 ok=7057 rate=4.9/s eta=9867s
    statuses: {'ok': 7057, 'filtered': 5493, 'json_err:Expecting value: line 1 column 2 (char 1)': 420, 'no_content': 220, 'no_target': 10}
  13400/61493 ok=7177 rate=4.9/s eta=9808s
    statuses: {'ok': 7177, 'filtered': 5563, 'json_err:Expecting value: line 1 column 2 (char 1)': 430, 'no_content': 220, 'no_target': 10}
  13600/61493 ok=7306 rate=4.9/s eta=9744s
    statuses: {'ok': 7306, 'filtered': 5624, 'json_err:Expecting value: line 1 column 2 (char 1)': 430, 'no_content': 220, 'no_target': 10, "json_err:Expecting ',' delimiter: line 1 column 3 (char 2)": 10}
  13800/61493 ok=7444 rate=4.9/s eta=9677s
    statuses: {'ok': 7444, 'filtered': 5686, 'json_err:Expecting value: line 1 column 2 (char 1)': 430, 'no_content': 220, 'no_target': 10, "json_err:Expecting ',' delimiter: line 1 column 3 (char 2)": 10}
  14000/61493 ok=7580 rate=4.9/s eta=9607s
    statuses: {'ok': 7580, 'filtered': 5750, 'json_err:Expecting value: line 1 column 2 (char 1)': 430, 'no_content': 220, 'no_target': 10, "json_err:Expecting ',' delimiter: line 1 column 3 (char 2)": 10}
  14200/61493 ok=7729 rate=4.9/s eta=9560s
    statuses: {'ok': 7729, 'filtered': 5801, 'json_err:Expecting value: line 1 column 2 (char 1)': 430, 'no_content': 220, 'no_target': 10, "json_err:Expecting ',' delimiter: line 1 column 3 (char 2)": 10}
  14400/61493 ok=7853 rate=5.0/s eta=9505s
    statuses: {'ok': 7853, 'filtered': 5877, 'json_err:Expecting value: line 1 column 2 (char 1)': 430, 'no_content': 220, 'no_target': 10, "json_err:Expecting ',' delimiter: line 1 column 3 (char 2)": 10}
  14600/61493 ok=7989 rate=5.0/s eta=9450s
    statuses: {'ok': 7989, 'filtered': 5941, 'json_err:Expecting value: line 1 column 2 (char 1)': 430, 'no_content': 220, 'no_target': 10, "json_err:Expecting ',' delimiter: line 1 column 3 (char 2)": 10}
  14800/61493 ok=8145 rate=5.0/s eta=9410s
    statuses: {'ok': 8145, 'filtered': 5985, 'json_err:Expecting value: line 1 column 2 (char 1)': 430, 'no_content': 220, 'no_target': 10, "json_err:Expecting ',' delimiter: line 1 column 3 (char 2)": 10}
  15000/61493 ok=8276 rate=5.0/s eta=9362s
    statuses: {'ok': 8276, 'filtered': 6044, 'json_err:Expecting value: line 1 column 2 (char 1)': 430, 'no_content': 230, 'no_target': 10, "json_err:Expecting ',' delimiter: line 1 column 3 (char 2)": 10}
  15200/61493 ok=8375 rate=5.0/s eta=9300s
    statuses: {'ok': 8375, 'filtered': 6135, 'json_err:Expecting value: line 1 column 2 (char 1)': 440, 'no_content': 230, 'no_target': 10, "json_err:Expecting ',' delimiter: line 1 column 3 (char 2)": 10}
  15400/61493 ok=8500 rate=5.0/s eta=9240s
    statuses: {'ok': 8500, 'filtered': 6200, 'json_err:Expecting value: line 1 column 2 (char 1)': 450, 'no_content': 230, 'no_target': 10, "json_err:Expecting ',' delimiter: line 1 column 3 (char 2)": 10}
  15600/61493 ok=8584 rate=5.0/s eta=9190s
    statuses: {'ok': 8584, 'filtered': 6296, 'json_err:Expecting value: line 1 column 2 (char 1)': 470, 'no_content': 230, 'no_target': 10, "json_err:Expecting ',' delimiter: line 1 column 3 (char 2)": 10}
  15800/61493 ok=8658 rate=5.0/s eta=9110s
    statuses: {'ok': 8658, 'filtered': 6412, 'json_err:Expecting value: line 1 column 2 (char 1)': 480, 'no_content': 230, 'no_target': 10, "json_err:Expecting ',' delimiter: line 1 column 3 (char 2)": 10}
  16000/61493 ok=8774 rate=5.0/s eta=9062s
    statuses: {'ok': 8774, 'filtered': 6496, 'json_err:Expecting value: line 1 column 2 (char 1)': 480, 'no_content': 230, 'no_target': 10, "json_err:Expecting ',' delimiter: line 1 column 3 (char 2)": 10}
  16200/61493 ok=8883 rate=5.0/s eta=9018s
    statuses: {'ok': 8883, 'filtered': 6587, 'json_err:Expecting value: line 1 column 2 (char 1)': 480, 'no_content': 230, 'no_target': 10, "json_err:Expecting ',' delimiter: line 1 column 3 (char 2)": 10}
  16400/61493 ok=9011 rate=5.0/s eta=8962s
    statuses: {'ok': 9011, 'filtered': 6649, 'json_err:Expecting value: line 1 column 2 (char 1)': 490, 'no_content': 230, 'no_target': 10, "json_err:Expecting ',' delimiter: line 1 column 3 (char 2)": 10}
  16600/61493 ok=9102 rate=5.0/s eta=8905s
    statuses: {'ok': 9102, 'filtered': 6738, 'json_err:Expecting value: line 1 column 2 (char 1)': 500, 'no_content': 240, 'no_target': 10, "json_err:Expecting ',' delimiter: line 1 column 3 (char 2)": 10}
  16800/61493 ok=9191 rate=5.0/s eta=8854s
    statuses: {'ok': 9191, 'filtered': 6839, 'json_err:Expecting value: line 1 column 2 (char 1)': 510, 'no_content': 240, 'no_target': 10, "json_err:Expecting ',' delimiter: line 1 column 3 (char 2)": 10}
  17000/61493 ok=9318 rate=5.1/s eta=8792s
    statuses: {'ok': 9318, 'filtered': 6902, 'json_err:Expecting value: line 1 column 2 (char 1)': 520, 'no_content': 240, 'no_target': 10, "json_err:Expecting ',' delimiter: line 1 column 3 (char 2)": 10}
  17200/61493 ok=9413 rate=5.1/s eta=8756s
    statuses: {'ok': 9413, 'filtered': 7007, 'json_err:Expecting value: line 1 column 2 (char 1)': 520, 'no_content': 240, 'no_target': 10, "json_err:Expecting ',' delimiter: line 1 column 3 (char 2)": 10}
  17400/61493 ok=9541 rate=5.1/s eta=8701s
    statuses: {'ok': 9541, 'filtered': 7079, 'json_err:Expecting value: line 1 column 2 (char 1)': 520, 'no_content': 240, 'no_target': 10, "json_err:Expecting ',' delimiter: line 1 column 3 (char 2)": 10}
  17600/61493 ok=9625 rate=5.1/s eta=8652s
    statuses: {'ok': 9625, 'filtered': 7195, 'json_err:Expecting value: line 1 column 2 (char 1)': 520, 'no_content': 240, 'no_target': 10, "json_err:Expecting ',' delimiter: line 1 column 3 (char 2)": 10}
  17800/61493 ok=9745 rate=5.1/s eta=8605s
    statuses: {'ok': 9745, 'filtered': 7275, 'json_err:Expecting value: line 1 column 2 (char 1)': 520, 'no_content': 240, 'no_target': 10, "json_err:Expecting ',' delimiter: line 1 column 3 (char 2)": 10}
  18000/61493 ok=9834 rate=5.1/s eta=8555s
    statuses: {'ok': 9834, 'filtered': 7386, 'json_err:Expecting value: line 1 column 2 (char 1)': 520, 'no_content': 240, 'no_target': 10, "json_err:Expecting ',' delimiter: line 1 column 3 (char 2)": 10}
  18200/61493 ok=9968 rate=5.1/s eta=8495s
    statuses: {'ok': 9968, 'filtered': 7442, 'json_err:Expecting value: line 1 column 2 (char 1)': 530, 'no_content': 240, 'no_target': 10, "json_err:Expecting ',' delimiter: line 1 column 3 (char 2)": 10}
  18400/61493 ok=10071 rate=5.1/s eta=8447s
    statuses: {'ok': 10071, 'filtered': 7539, 'json_err:Expecting value: line 1 column 2 (char 1)': 530, 'no_content': 240, 'no_target': 10, "json_err:Expecting ',' delimiter: line 1 column 3 (char 2)": 10}
  18600/61493 ok=10211 rate=5.1/s eta=8382s
    statuses: {'ok': 10211, 'filtered': 7599, 'json_err:Expecting value: line 1 column 2 (char 1)': 530, 'no_content': 240, 'no_target': 10, "json_err:Expecting ',' delimiter: line 1 column 3 (char 2)": 10}
  18800/61493 ok=10328 rate=5.1/s eta=8334s
    statuses: {'ok': 10328, 'filtered': 7682, 'json_err:Expecting value: line 1 column 2 (char 1)': 530, 'no_content': 240, 'no_target': 10, "json_err:Expecting ',' delimiter: line 1 column 3 (char 2)": 10}
  19000/61493 ok=10455 rate=5.1/s eta=8274s
    statuses: {'ok': 10455, 'filtered': 7745, 'json_err:Expecting value: line 1 column 2 (char 1)': 540, 'no_content': 240, 'no_target': 10, "json_err:Expecting ',' delimiter: line 1 column 3 (char 2)": 10}
  19200/61493 ok=10558 rate=5.1/s eta=8230s
    statuses: {'ok': 10558, 'filtered': 7842, 'json_err:Expecting value: line 1 column 2 (char 1)': 540, 'no_content': 240, 'no_target': 10, "json_err:Expecting ',' delimiter: line 1 column 3 (char 2)": 10}
  19400/61493 ok=10668 rate=5.2/s eta=8168s
    statuses: {'ok': 10668, 'filtered': 7922, 'json_err:Expecting value: line 1 column 2 (char 1)': 540, 'no_content': 240, "json_err:Expecting ',' delimiter: line 1 column 3 (char 2)": 20, 'no_target': 10}
  19600/61493 ok=10779 rate=5.2/s eta=8117s
    statuses: {'ok': 10779, 'filtered': 8011, 'json_err:Expecting value: line 1 column 2 (char 1)': 540, 'no_content': 240, "json_err:Expecting ',' delimiter: line 1 column 3 (char 2)": 20, 'no_target': 10}
  19800/61493 ok=10886 rate=5.2/s eta=8064s
    statuses: {'ok': 10886, 'filtered': 8094, 'json_err:Expecting value: line 1 column 2 (char 1)': 540, 'no_content': 240, "json_err:Expecting ',' delimiter: line 1 column 3 (char 2)": 30, 'no_target': 10}
  20000/61493 ok=10998 rate=5.2/s eta=8018s
    statuses: {'ok': 10998, 'filtered': 8182, 'json_err:Expecting value: line 1 column 2 (char 1)': 540, 'no_content': 240, "json_err:Expecting ',' delimiter: line 1 column 3 (char 2)": 30, 'no_target': 10}
  20200/61493 ok=11127 rate=5.2/s eta=7972s
    statuses: {'ok': 11127, 'filtered': 8253, 'json_err:Expecting value: line 1 column 2 (char 1)': 540, 'no_content': 240, "json_err:Expecting ',' delimiter: line 1 column 3 (char 2)": 30, 'no_target': 10}
  20400/61493 ok=11247 rate=5.2/s eta=7918s
    statuses: {'ok': 11247, 'filtered': 8323, 'json_err:Expecting value: line 1 column 2 (char 1)': 550, 'no_content': 240, "json_err:Expecting ',' delimiter: line 1 column 3 (char 2)": 30, 'no_target': 10}
  20600/61493 ok=11404 rate=5.2/s eta=7879s
    statuses: {'ok': 11404, 'filtered': 8356, 'json_err:Expecting value: line 1 column 2 (char 1)': 560, 'no_content': 240, "json_err:Expecting ',' delimiter: line 1 column 3 (char 2)": 30, 'no_target': 10}
  20800/61493 ok=11524 rate=5.2/s eta=7832s
    statuses: {'ok': 11524, 'filtered': 8436, 'json_err:Expecting value: line 1 column 2 (char 1)': 560, 'no_content': 240, "json_err:Expecting ',' delimiter: line 1 column 3 (char 2)": 30, 'no_target': 10}
  21000/61493 ok=11609 rate=5.2/s eta=7780s
    statuses: {'ok': 11609, 'filtered': 8541, 'json_err:Expecting value: line 1 column 2 (char 1)': 570, 'no_content': 240, "json_err:Expecting ',' delimiter: line 1 column 3 (char 2)": 30, 'no_target': 10}
  21200/61493 ok=11755 rate=5.2/s eta=7737s
    statuses: {'ok': 11755, 'filtered': 8595, 'json_err:Expecting value: line 1 column 2 (char 1)': 570, 'no_content': 240, "json_err:Expecting ',' delimiter: line 1 column 3 (char 2)": 30, 'no_target': 10}
  21400/61493 ok=11872 rate=5.2/s eta=7692s
    statuses: {'ok': 11872, 'filtered': 8668, 'json_err:Expecting value: line 1 column 2 (char 1)': 580, 'no_content': 240, "json_err:Expecting ',' delimiter: line 1 column 3 (char 2)": 30, 'no_target': 10}
  21600/61493 ok=11983 rate=5.2/s eta=7645s
    statuses: {'ok': 11983, 'filtered': 8737, 'json_err:Expecting value: line 1 column 2 (char 1)': 600, 'no_content': 240, "json_err:Expecting ',' delimiter: line 1 column 3 (char 2)": 30, 'no_target': 10}
  21800/61493 ok=12089 rate=5.2/s eta=7601s
    statuses: {'ok': 12089, 'filtered': 8831, 'json_err:Expecting value: line 1 column 2 (char 1)': 600, 'no_content': 240, "json_err:Expecting ',' delimiter: line 1 column 3 (char 2)": 30, 'no_target': 10}
  22000/61493 ok=12203 rate=5.2/s eta=7552s
    statuses: {'ok': 12203, 'filtered': 8917, 'json_err:Expecting value: line 1 column 2 (char 1)': 600, 'no_content': 240, "json_err:Expecting ',' delimiter: line 1 column 3 (char 2)": 30, 'no_target': 10}
  22200/61493 ok=12314 rate=5.2/s eta=7507s
    statuses: {'ok': 12314, 'filtered': 9006, 'json_err:Expecting value: line 1 column 2 (char 1)': 600, 'no_content': 240, "json_err:Expecting ',' delimiter: line 1 column 3 (char 2)": 30, 'no_target': 10}
  22400/61493 ok=12400 rate=5.2/s eta=7461s
    statuses: {'ok': 12400, 'filtered': 9110, 'json_err:Expecting value: line 1 column 2 (char 1)': 610, 'no_content': 240, "json_err:Expecting ',' delimiter: line 1 column 3 (char 2)": 30, 'no_target': 10}
  22600/61493 ok=12507 rate=5.2/s eta=7425s
    statuses: {'ok': 12507, 'filtered': 9183, 'json_err:Expecting value: line 1 column 2 (char 1)': 630, 'no_content': 240, "json_err:Expecting ',' delimiter: line 1 column 3 (char 2)": 30, 'no_target': 10}
  22800/61493 ok=12605 rate=5.2/s eta=7387s
    statuses: {'ok': 12605, 'filtered': 9265, 'json_err:Expecting value: line 1 column 2 (char 1)': 650, 'no_content': 240, "json_err:Expecting ',' delimiter: line 1 column 3 (char 2)": 30, 'no_target': 10}
  23000/61493 ok=12724 rate=5.2/s eta=7348s
    statuses: {'ok': 12724, 'filtered': 9346, 'json_err:Expecting value: line 1 column 2 (char 1)': 650, 'no_content': 240, "json_err:Expecting ',' delimiter: line 1 column 3 (char 2)": 30, 'no_target': 10}
  23200/61493 ok=12858 rate=5.2/s eta=7304s
    statuses: {'ok': 12858, 'filtered': 9402, 'json_err:Expecting value: line 1 column 2 (char 1)': 650, 'no_content': 250, "json_err:Expecting ',' delimiter: line 1 column 3 (char 2)": 30, 'no_target': 10}
  23400/61493 ok=12957 rate=5.3/s eta=7255s
    statuses: {'ok': 12957, 'filtered': 9503, 'json_err:Expecting value: line 1 column 2 (char 1)': 650, 'no_content': 250, "json_err:Expecting ',' delimiter: line 1 column 3 (char 2)": 30, 'no_target': 10}
  23600/61493 ok=13088 rate=5.3/s eta=7214s
    statuses: {'ok': 13088, 'filtered': 9572, 'json_err:Expecting value: line 1 column 2 (char 1)': 650, 'no_content': 250, "json_err:Expecting ',' delimiter: line 1 column 3 (char 2)": 30, 'no_target': 10}
  23800/61493 ok=13222 rate=5.3/s eta=7172s
    statuses: {'ok': 13222, 'filtered': 9628, 'json_err:Expecting value: line 1 column 2 (char 1)': 660, 'no_content': 250, "json_err:Expecting ',' delimiter: line 1 column 3 (char 2)": 30, 'no_target': 10}
  24000/61493 ok=13345 rate=5.2/s eta=7149s
    statuses: {'ok': 13345, 'filtered': 9705, 'json_err:Expecting value: line 1 column 2 (char 1)': 660, 'no_content': 250, "json_err:Expecting ',' delimiter: line 1 column 3 (char 2)": 30, 'no_target': 10}
  24200/61493 ok=13486 rate=5.2/s eta=7110s
    statuses: {'ok': 13486, 'filtered': 9764, 'json_err:Expecting value: line 1 column 2 (char 1)': 660, 'no_content': 250, "json_err:Expecting ',' delimiter: line 1 column 3 (char 2)": 30, 'no_target': 10}
  24400/61493 ok=13607 rate=5.2/s eta=7084s
    statuses: {'ok': 13607, 'filtered': 9833, 'json_err:Expecting value: line 1 column 2 (char 1)': 660, 'no_content': 260, "json_err:Expecting ',' delimiter: line 1 column 3 (char 2)": 30, 'no_target': 10}
  24600/61493 ok=13719 rate=5.2/s eta=7043s
    statuses: {'ok': 13719, 'filtered': 9921, 'json_err:Expecting value: line 1 column 2 (char 1)': 660, 'no_content': 260, "json_err:Expecting ',' delimiter: line 1 column 3 (char 2)": 30, 'no_target': 10}
  24800/61493 ok=13820 rate=5.2/s eta=7007s
    statuses: {'ok': 13820, 'filtered': 10010, 'json_err:Expecting value: line 1 column 2 (char 1)': 670, 'no_content': 260, "json_err:Expecting ',' delimiter: line 1 column 3 (char 2)": 30, 'no_target': 10}
  25000/61493 ok=13936 rate=5.2/s eta=6973s
    statuses: {'ok': 13936, 'filtered': 10094, 'json_err:Expecting value: line 1 column 2 (char 1)': 670, 'no_content': 260, "json_err:Expecting ',' delimiter: line 1 column 3 (char 2)": 30, 'no_target': 10}
  25200/61493 ok=14064 rate=5.2/s eta=6938s
    statuses: {'ok': 14064, 'filtered': 10156, 'json_err:Expecting value: line 1 column 2 (char 1)': 680, 'no_content': 260, "json_err:Expecting ',' delimiter: line 1 column 3 (char 2)": 30, 'no_target': 10}
  25400/61493 ok=14199 rate=5.2/s eta=6894s
    statuses: {'ok': 14199, 'filtered': 10211, 'json_err:Expecting value: line 1 column 2 (char 1)': 690, 'no_content': 260, "json_err:Expecting ',' delimiter: line 1 column 3 (char 2)": 30, 'no_target': 10}
  25600/61493 ok=14319 rate=5.2/s eta=6848s
    statuses: {'ok': 14319, 'filtered': 10291, 'json_err:Expecting value: line 1 column 2 (char 1)': 690, 'no_content': 260, "json_err:Expecting ',' delimiter: line 1 column 3 (char 2)": 30, 'no_target': 10}
  25800/61493 ok=14422 rate=5.2/s eta=6805s
    statuses: {'ok': 14422, 'filtered': 10388, 'json_err:Expecting value: line 1 column 2 (char 1)': 690, 'no_content': 260, "json_err:Expecting ',' delimiter: line 1 column 3 (char 2)": 30, 'no_target': 10}
  26000/61493 ok=14539 rate=5.3/s eta=6760s
    statuses: {'ok': 14539, 'filtered': 10461, 'json_err:Expecting value: line 1 column 2 (char 1)': 690, 'no_content': 260, "json_err:Expecting ',' delimiter: line 1 column 3 (char 2)": 30, 'no_target': 10}
  26200/61493 ok=14682 rate=5.3/s eta=6722s
    statuses: {'ok': 14682, 'filtered': 10508, 'json_err:Expecting value: line 1 column 2 (char 1)': 700, 'no_content': 260, "json_err:Expecting ',' delimiter: line 1 column 3 (char 2)": 30, 'no_target': 10}
  26400/61493 ok=14811 rate=5.3/s eta=6678s
    statuses: {'ok': 14811, 'filtered': 10569, 'json_err:Expecting value: line 1 column 2 (char 1)': 710, 'no_content': 260, "json_err:Expecting ',' delimiter: line 1 column 3 (char 2)": 30, 'no_target': 10}
  26600/61493 ok=14925 rate=5.3/s eta=6639s
    statuses: {'ok': 14925, 'filtered': 10645, 'json_err:Expecting value: line 1 column 2 (char 1)': 720, 'no_content': 260, "json_err:Expecting ',' delimiter: line 1 column 3 (char 2)": 30, 'no_target': 10}
  26800/61493 ok=15055 rate=5.3/s eta=6594s
    statuses: {'ok': 15055, 'filtered': 10715, 'json_err:Expecting value: line 1 column 2 (char 1)': 720, 'no_content': 260, "json_err:Expecting ',' delimiter: line 1 column 3 (char 2)": 30, 'no_target': 10}
  27000/61493 ok=15157 rate=5.3/s eta=6559s
    statuses: {'ok': 15157, 'filtered': 10793, 'json_err:Expecting value: line 1 column 2 (char 1)': 740, 'no_content': 260, "json_err:Expecting ',' delimiter: line 1 column 3 (char 2)": 30, 'no_target': 10}
  27200/61493 ok=15280 rate=5.3/s eta=6521s
    statuses: {'ok': 15280, 'filtered': 10860, 'json_err:Expecting value: line 1 column 2 (char 1)': 750, 'no_content': 260, "json_err:Expecting ',' delimiter: line 1 column 3 (char 2)": 30, 'no_target': 10}
  27400/61493 ok=15382 rate=5.3/s eta=6481s
    statuses: {'ok': 15382, 'filtered': 10948, 'json_err:Expecting value: line 1 column 2 (char 1)': 760, 'no_content': 260, "json_err:Expecting ',' delimiter: line 1 column 3 (char 2)": 30, 'no_target': 10}
  27600/61493 ok=15504 rate=5.3/s eta=6432s
    statuses: {'ok': 15504, 'filtered': 11016, 'json_err:Expecting value: line 1 column 2 (char 1)': 770, 'no_content': 260, "json_err:Expecting ',' delimiter: line 1 column 3 (char 2)": 30, 'no_target': 10}
  27800/61493 ok=15641 rate=5.3/s eta=6394s
    statuses: {'ok': 15641, 'filtered': 11079, 'json_err:Expecting value: line 1 column 2 (char 1)': 770, 'no_content': 260, "json_err:Expecting ',' delimiter: line 1 column 3 (char 2)": 30, 'no_target': 10}
  28000/61493 ok=15752 rate=5.3/s eta=6354s
    statuses: {'ok': 15752, 'filtered': 11168, 'json_err:Expecting value: line 1 column 2 (char 1)': 770, 'no_content': 260, "json_err:Expecting ',' delimiter: line 1 column 3 (char 2)": 30, 'no_target': 10}
  28200/61493 ok=15867 rate=5.3/s eta=6314s
    statuses: {'ok': 15867, 'filtered': 11253, 'json_err:Expecting value: line 1 column 2 (char 1)': 770, 'no_content': 260, "json_err:Expecting ',' delimiter: line 1 column 3 (char 2)": 30, 'no_target': 10}
  28400/61493 ok=16001 rate=5.3/s eta=6270s
    statuses: {'ok': 16001, 'filtered': 11319, 'json_err:Expecting value: line 1 column 2 (char 1)': 770, 'no_content': 260, "json_err:Expecting ',' delimiter: line 1 column 3 (char 2)": 30, 'no_target': 10}
  28600/61493 ok=16101 rate=5.3/s eta=6222s
    statuses: {'ok': 16101, 'filtered': 11409, 'json_err:Expecting value: line 1 column 2 (char 1)': 780, 'no_content': 260, "json_err:Expecting ',' delimiter: line 1 column 3 (char 2)": 30, 'no_target': 10}
  28800/61493 ok=16207 rate=5.3/s eta=6184s
    statuses: {'ok': 16207, 'filtered': 11503, 'json_err:Expecting value: line 1 column 2 (char 1)': 780, 'no_content': 260, "json_err:Expecting ',' delimiter: line 1 column 3 (char 2)": 30, 'no_target': 10}
  29000/61493 ok=16333 rate=5.3/s eta=6147s
    statuses: {'ok': 16333, 'filtered': 11577, 'json_err:Expecting value: line 1 column 2 (char 1)': 780, 'no_content': 260, "json_err:Expecting ',' delimiter: line 1 column 3 (char 2)": 30, 'no_target': 10}
  29200/61493 ok=16446 rate=5.3/s eta=6108s
    statuses: {'ok': 16446, 'filtered': 11664, 'json_err:Expecting value: line 1 column 2 (char 1)': 780, 'no_content': 260, "json_err:Expecting ',' delimiter: line 1 column 3 (char 2)": 30, 'no_target': 10}
  29400/61493 ok=16574 rate=5.3/s eta=6063s
    statuses: {'ok': 16574, 'filtered': 11726, 'json_err:Expecting value: line 1 column 2 (char 1)': 790, 'no_content': 260, "json_err:Expecting ',' delimiter: line 1 column 3 (char 2)": 30, 'no_target': 10}
  29600/61493 ok=16687 rate=5.3/s eta=6024s
    statuses: {'ok': 16687, 'filtered': 11813, 'json_err:Expecting value: line 1 column 2 (char 1)': 790, 'no_content': 260, "json_err:Expecting ',' delimiter: line 1 column 3 (char 2)": 30, 'no_target': 10}
  29800/61493 ok=16812 rate=5.3/s eta=5981s
    statuses: {'ok': 16812, 'filtered': 11888, 'json_err:Expecting value: line 1 column 2 (char 1)': 790, 'no_content': 260, "json_err:Expecting ',' delimiter: line 1 column 3 (char 2)": 30, 'no_target': 10}
  30000/61493 ok=16933 rate=5.3/s eta=5939s
    statuses: {'ok': 16933, 'filtered': 11957, 'json_err:Expecting value: line 1 column 2 (char 1)': 800, 'no_content': 260, "json_err:Expecting ',' delimiter: line 1 column 3 (char 2)": 30, 'no_target': 10}
  30200/61493 ok=17035 rate=5.3/s eta=5899s
    statuses: {'ok': 17035, 'filtered': 12015, 'json_err:Expecting value: line 1 column 2 (char 1)': 840, 'no_content': 260, "json_err:Expecting ',' delimiter: line 1 column 3 (char 2)": 30, 'no_target': 10}
  30400/61493 ok=17144 rate=5.3/s eta=5855s
    statuses: {'ok': 17144, 'filtered': 12106, 'json_err:Expecting value: line 1 column 2 (char 1)': 840, 'no_content': 260, "json_err:Expecting ',' delimiter: line 1 column 3 (char 2)": 30, 'no_target': 10}
  30600/61493 ok=17155 rate=5.3/s eta=5787s
    statuses: {'ok': 17155, 'filtered': 12155, 'json_err:Expecting value: line 1 column 2 (char 1)': 840, 'no_content': 260, 'no_target': 150, "json_err:Expecting ',' delimiter: line 1 column 3 (char 2)": 30}
  30800/61493 ok=17155 rate=5.4/s eta=5713s
    statuses: {'ok': 17155, 'filtered': 12155, 'json_err:Expecting value: line 1 column 2 (char 1)': 840, 'no_target': 350, 'no_content': 260, "json_err:Expecting ',' delimiter: line 1 column 3 (char 2)": 30}
  31000/61493 ok=17155 rate=5.4/s eta=5639s
    statuses: {'ok': 17155, 'filtered': 12155, 'json_err:Expecting value: line 1 column 2 (char 1)': 840, 'no_target': 550, 'no_content': 260, "json_err:Expecting ',' delimiter: line 1 column 3 (char 2)": 30}
  31200/61493 ok=17155 rate=5.4/s eta=5566s
    statuses: {'ok': 17155, 'filtered': 12155, 'json_err:Expecting value: line 1 column 2 (char 1)': 840, 'no_target': 750, 'no_content': 260, "json_err:Expecting ',' delimiter: line 1 column 3 (char 2)": 30}
  31400/61493 ok=17155 rate=5.5/s eta=5494s
    statuses: {'ok': 17155, 'filtered': 12155, 'no_target': 950, 'json_err:Expecting value: line 1 column 2 (char 1)': 840, 'no_content': 260, "json_err:Expecting ',' delimiter: line 1 column 3 (char 2)": 30}
  31600/61493 ok=17155 rate=5.5/s eta=5423s
    statuses: {'ok': 17155, 'filtered': 12155, 'no_target': 1150, 'json_err:Expecting value: line 1 column 2 (char 1)': 840, 'no_content': 260, "json_err:Expecting ',' delimiter: line 1 column 3 (char 2)": 30}
  31800/61493 ok=17155 rate=5.5/s eta=5353s
    statuses: {'ok': 17155, 'filtered': 12155, 'no_target': 1350, 'json_err:Expecting value: line 1 column 2 (char 1)': 840, 'no_content': 260, "json_err:Expecting ',' delimiter: line 1 column 3 (char 2)": 30}
  32000/61493 ok=17155 rate=5.6/s eta=5283s
    statuses: {'ok': 17155, 'filtered': 12155, 'no_target': 1550, 'json_err:Expecting value: line 1 column 2 (char 1)': 840, 'no_content': 260, "json_err:Expecting ',' delimiter: line 1 column 3 (char 2)": 30}
  32200/61493 ok=17155 rate=5.6/s eta=5215s
    statuses: {'ok': 17155, 'filtered': 12155, 'no_target': 1750, 'json_err:Expecting value: line 1 column 2 (char 1)': 840, 'no_content': 260, "json_err:Expecting ',' delimiter: line 1 column 3 (char 2)": 30}
  32400/61493 ok=17155 rate=5.7/s eta=5147s
    statuses: {'ok': 17155, 'filtered': 12155, 'no_target': 1950, 'json_err:Expecting value: line 1 column 2 (char 1)': 840, 'no_content': 260, "json_err:Expecting ',' delimiter: line 1 column 3 (char 2)": 30}
  32600/61493 ok=17155 rate=5.7/s eta=5081s
    statuses: {'ok': 17155, 'filtered': 12155, 'no_target': 2150, 'json_err:Expecting value: line 1 column 2 (char 1)': 840, 'no_content': 260, "json_err:Expecting ',' delimiter: line 1 column 3 (char 2)": 30}
  32800/61493 ok=17155 rate=5.7/s eta=5015s
    statuses: {'ok': 17155, 'filtered': 12155, 'no_target': 2350, 'json_err:Expecting value: line 1 column 2 (char 1)': 840, 'no_content': 260, "json_err:Expecting ',' delimiter: line 1 column 3 (char 2)": 30}
  33000/61493 ok=17155 rate=5.8/s eta=4950s
    statuses: {'ok': 17155, 'filtered': 12155, 'no_target': 2550, 'json_err:Expecting value: line 1 column 2 (char 1)': 840, 'no_content': 260, "json_err:Expecting ',' delimiter: line 1 column 3 (char 2)": 30}
  33200/61493 ok=17155 rate=5.8/s eta=4885s
    statuses: {'ok': 17155, 'filtered': 12155, 'no_target': 2750, 'json_err:Expecting value: line 1 column 2 (char 1)': 840, 'no_content': 260, "json_err:Expecting ',' delimiter: line 1 column 3 (char 2)": 30}
  33400/61493 ok=17155 rate=5.8/s eta=4822s
    statuses: {'ok': 17155, 'filtered': 12155, 'no_target': 2950, 'json_err:Expecting value: line 1 column 2 (char 1)': 840, 'no_content': 260, "json_err:Expecting ',' delimiter: line 1 column 3 (char 2)": 30}
  33600/61493 ok=17155 rate=5.9/s eta=4759s
    statuses: {'ok': 17155, 'filtered': 12155, 'no_target': 3150, 'json_err:Expecting value: line 1 column 2 (char 1)': 840, 'no_content': 260, "json_err:Expecting ',' delimiter: line 1 column 3 (char 2)": 30}
  33800/61493 ok=17155 rate=5.9/s eta=4697s
    statuses: {'ok': 17155, 'filtered': 12155, 'no_target': 3350, 'json_err:Expecting value: line 1 column 2 (char 1)': 840, 'no_content': 260, "json_err:Expecting ',' delimiter: line 1 column 3 (char 2)": 30}
  34000/61493 ok=17155 rate=5.9/s eta=4635s
    statuses: {'ok': 17155, 'filtered': 12155, 'no_target': 3550, 'json_err:Expecting value: line 1 column 2 (char 1)': 840, 'no_content': 260, "json_err:Expecting ',' delimiter: line 1 column 3 (char 2)": 30}
  34200/61493 ok=17155 rate=6.0/s eta=4575s
    statuses: {'ok': 17155, 'filtered': 12155, 'no_target': 3750, 'json_err:Expecting value: line 1 column 2 (char 1)': 840, 'no_content': 260, "json_err:Expecting ',' delimiter: line 1 column 3 (char 2)": 30}
  34400/61493 ok=17155 rate=6.0/s eta=4515s
    statuses: {'ok': 17155, 'filtered': 12155, 'no_target': 3950, 'json_err:Expecting value: line 1 column 2 (char 1)': 840, 'no_content': 260, "json_err:Expecting ',' delimiter: line 1 column 3 (char 2)": 30}
  34600/61493 ok=17155 rate=6.0/s eta=4456s
    statuses: {'ok': 17155, 'filtered': 12155, 'no_target': 4150, 'json_err:Expecting value: line 1 column 2 (char 1)': 840, 'no_content': 260, "json_err:Expecting ',' delimiter: line 1 column 3 (char 2)": 30}
  34800/61493 ok=17155 rate=6.1/s eta=4397s
    statuses: {'ok': 17155, 'filtered': 12155, 'no_target': 4350, 'json_err:Expecting value: line 1 column 2 (char 1)': 840, 'no_content': 260, "json_err:Expecting ',' delimiter: line 1 column 3 (char 2)": 30}
  35000/61493 ok=17155 rate=6.1/s eta=4339s
    statuses: {'ok': 17155, 'filtered': 12155, 'no_target': 4550, 'json_err:Expecting value: line 1 column 2 (char 1)': 840, 'no_content': 260, "json_err:Expecting ',' delimiter: line 1 column 3 (char 2)": 30}
  35200/61493 ok=17155 rate=6.1/s eta=4282s
    statuses: {'ok': 17155, 'filtered': 12155, 'no_target': 4750, 'json_err:Expecting value: line 1 column 2 (char 1)': 840, 'no_content': 260, "json_err:Expecting ',' delimiter: line 1 column 3 (char 2)": 30}
  35400/61493 ok=17155 rate=6.2/s eta=4225s
    statuses: {'ok': 17155, 'filtered': 12155, 'no_target': 4950, 'json_err:Expecting value: line 1 column 2 (char 1)': 840, 'no_content': 260, "json_err:Expecting ',' delimiter: line 1 column 3 (char 2)": 30}
  35600/61493 ok=17155 rate=6.2/s eta=4169s
    statuses: {'ok': 17155, 'filtered': 12155, 'no_target': 5150, 'json_err:Expecting value: line 1 column 2 (char 1)': 840, 'no_content': 260, "json_err:Expecting ',' delimiter: line 1 column 3 (char 2)": 30}
  35800/61493 ok=17155 rate=6.2/s eta=4114s
    statuses: {'ok': 17155, 'filtered': 12155, 'no_target': 5350, 'json_err:Expecting value: line 1 column 2 (char 1)': 840, 'no_content': 260, "json_err:Expecting ',' delimiter: line 1 column 3 (char 2)": 30}
  36000/61493 ok=17155 rate=6.3/s eta=4059s
    statuses: {'ok': 17155, 'filtered': 12155, 'no_target': 5550, 'json_err:Expecting value: line 1 column 2 (char 1)': 840, 'no_content': 260, "json_err:Expecting ',' delimiter: line 1 column 3 (char 2)": 30}
  36200/61493 ok=17155 rate=6.3/s eta=4005s
    statuses: {'ok': 17155, 'filtered': 12155, 'no_target': 5750, 'json_err:Expecting value: line 1 column 2 (char 1)': 840, 'no_content': 260, "json_err:Expecting ',' delimiter: line 1 column 3 (char 2)": 30}
  36400/61493 ok=17155 rate=6.3/s eta=3952s
    statuses: {'ok': 17155, 'filtered': 12155, 'no_target': 5950, 'json_err:Expecting value: line 1 column 2 (char 1)': 840, 'no_content': 260, "json_err:Expecting ',' delimiter: line 1 column 3 (char 2)": 30}
  36600/61493 ok=17155 rate=6.4/s eta=3899s
    statuses: {'ok': 17155, 'filtered': 12155, 'no_target': 6150, 'json_err:Expecting value: line 1 column 2 (char 1)': 840, 'no_content': 260, "json_err:Expecting ',' delimiter: line 1 column 3 (char 2)": 30}
  36800/61493 ok=17155 rate=6.4/s eta=3847s
    statuses: {'ok': 17155, 'filtered': 12155, 'no_target': 6350, 'json_err:Expecting value: line 1 column 2 (char 1)': 840, 'no_content': 260, "json_err:Expecting ',' delimiter: line 1 column 3 (char 2)": 30}
  37000/61493 ok=17155 rate=6.5/s eta=3795s
    statuses: {'ok': 17155, 'filtered': 12155, 'no_target': 6550, 'json_err:Expecting value: line 1 column 2 (char 1)': 840, 'no_content': 260, "json_err:Expecting ',' delimiter: line 1 column 3 (char 2)": 30}
  37200/61493 ok=17155 rate=6.5/s eta=3744s
    statuses: {'ok': 17155, 'filtered': 12155, 'no_target': 6750, 'json_err:Expecting value: line 1 column 2 (char 1)': 840, 'no_content': 260, "json_err:Expecting ',' delimiter: line 1 column 3 (char 2)": 30}
  37400/61493 ok=17155 rate=6.5/s eta=3693s
    statuses: {'ok': 17155, 'filtered': 12155, 'no_target': 6950, 'json_err:Expecting value: line 1 column 2 (char 1)': 840, 'no_content': 260, "json_err:Expecting ',' delimiter: line 1 column 3 (char 2)": 30}
  37600/61493 ok=17155 rate=6.6/s eta=3643s
    statuses: {'ok': 17155, 'filtered': 12155, 'no_target': 7150, 'json_err:Expecting value: line 1 column 2 (char 1)': 840, 'no_content': 260, "json_err:Expecting ',' delimiter: line 1 column 3 (char 2)": 30}
  37800/61493 ok=17155 rate=6.6/s eta=3593s
    statuses: {'ok': 17155, 'filtered': 12155, 'no_target': 7350, 'json_err:Expecting value: line 1 column 2 (char 1)': 840, 'no_content': 260, "json_err:Expecting ',' delimiter: line 1 column 3 (char 2)": 30}
  38000/61493 ok=17155 rate=6.6/s eta=3544s
    statuses: {'ok': 17155, 'filtered': 12155, 'no_target': 7550, 'json_err:Expecting value: line 1 column 2 (char 1)': 840, 'no_content': 260, "json_err:Expecting ',' delimiter: line 1 column 3 (char 2)": 30}
  38200/61493 ok=17155 rate=6.7/s eta=3495s
    statuses: {'ok': 17155, 'filtered': 12155, 'no_target': 7750, 'json_err:Expecting value: line 1 column 2 (char 1)': 840, 'no_content': 260, "json_err:Expecting ',' delimiter: line 1 column 3 (char 2)": 30}
  38400/61493 ok=17155 rate=6.7/s eta=3447s
    statuses: {'ok': 17155, 'filtered': 12155, 'no_target': 7950, 'json_err:Expecting value: line 1 column 2 (char 1)': 840, 'no_content': 260, "json_err:Expecting ',' delimiter: line 1 column 3 (char 2)": 30}
  38600/61493 ok=17155 rate=6.7/s eta=3400s
    statuses: {'ok': 17155, 'filtered': 12155, 'no_target': 8150, 'json_err:Expecting value: line 1 column 2 (char 1)': 840, 'no_content': 260, "json_err:Expecting ',' delimiter: line 1 column 3 (char 2)": 30}
  38800/61493 ok=17155 rate=6.8/s eta=3353s
    statuses: {'ok': 17155, 'filtered': 12155, 'no_target': 8350, 'json_err:Expecting value: line 1 column 2 (char 1)': 840, 'no_content': 260, "json_err:Expecting ',' delimiter: line 1 column 3 (char 2)": 30}
  39000/61493 ok=17155 rate=6.8/s eta=3306s
    statuses: {'ok': 17155, 'filtered': 12155, 'no_target': 8550, 'json_err:Expecting value: line 1 column 2 (char 1)': 840, 'no_content': 260, "json_err:Expecting ',' delimiter: line 1 column 3 (char 2)": 30}
  39200/61493 ok=17155 rate=6.8/s eta=3260s
    statuses: {'ok': 17155, 'filtered': 12155, 'no_target': 8750, 'json_err:Expecting value: line 1 column 2 (char 1)': 840, 'no_content': 260, "json_err:Expecting ',' delimiter: line 1 column 3 (char 2)": 30}
  39400/61493 ok=17155 rate=6.9/s eta=3214s
    statuses: {'ok': 17155, 'filtered': 12155, 'no_target': 8950, 'json_err:Expecting value: line 1 column 2 (char 1)': 840, 'no_content': 260, "json_err:Expecting ',' delimiter: line 1 column 3 (char 2)": 30}
  39600/61493 ok=17155 rate=6.9/s eta=3169s
    statuses: {'ok': 17155, 'filtered': 12155, 'no_target': 9150, 'json_err:Expecting value: line 1 column 2 (char 1)': 840, 'no_content': 260, "json_err:Expecting ',' delimiter: line 1 column 3 (char 2)": 30}
  39800/61493 ok=17155 rate=6.9/s eta=3125s
    statuses: {'ok': 17155, 'filtered': 12155, 'no_target': 9350, 'json_err:Expecting value: line 1 column 2 (char 1)': 840, 'no_content': 260, "json_err:Expecting ',' delimiter: line 1 column 3 (char 2)": 30}
  40000/61493 ok=17155 rate=7.0/s eta=3080s
    statuses: {'ok': 17155, 'filtered': 12155, 'no_target': 9550, 'json_err:Expecting value: line 1 column 2 (char 1)': 840, 'no_content': 260, "json_err:Expecting ',' delimiter: line 1 column 3 (char 2)": 30}
  40200/61493 ok=17155 rate=7.0/s eta=3036s
    statuses: {'ok': 17155, 'filtered': 12155, 'no_target': 9750, 'json_err:Expecting value: line 1 column 2 (char 1)': 840, 'no_content': 260, "json_err:Expecting ',' delimiter: line 1 column 3 (char 2)": 30}
  40400/61493 ok=17155 rate=7.0/s eta=2993s
    statuses: {'ok': 17155, 'filtered': 12155, 'no_target': 9950, 'json_err:Expecting value: line 1 column 2 (char 1)': 840, 'no_content': 260, "json_err:Expecting ',' delimiter: line 1 column 3 (char 2)": 30}
  40600/61493 ok=17155 rate=7.1/s eta=2950s
    statuses: {'ok': 17155, 'filtered': 12155, 'no_target': 10150, 'json_err:Expecting value: line 1 column 2 (char 1)': 840, 'no_content': 260, "json_err:Expecting ',' delimiter: line 1 column 3 (char 2)": 30}
  40800/61493 ok=17155 rate=7.1/s eta=2907s
    statuses: {'ok': 17155, 'filtered': 12155, 'no_target': 10350, 'json_err:Expecting value: line 1 column 2 (char 1)': 840, 'no_content': 260, "json_err:Expecting ',' delimiter: line 1 column 3 (char 2)": 30}
  41000/61493 ok=17155 rate=7.2/s eta=2865s
    statuses: {'ok': 17155, 'filtered': 12155, 'no_target': 10550, 'json_err:Expecting value: line 1 column 2 (char 1)': 840, 'no_content': 260, "json_err:Expecting ',' delimiter: line 1 column 3 (char 2)": 30}
  41200/61493 ok=17155 rate=7.2/s eta=2824s
    statuses: {'ok': 17155, 'filtered': 12155, 'no_target': 10750, 'json_err:Expecting value: line 1 column 2 (char 1)': 840, 'no_content': 260, "json_err:Expecting ',' delimiter: line 1 column 3 (char 2)": 30}
  41400/61493 ok=17155 rate=7.2/s eta=2782s
    statuses: {'ok': 17155, 'filtered': 12155, 'no_target': 10950, 'json_err:Expecting value: line 1 column 2 (char 1)': 840, 'no_content': 260, "json_err:Expecting ',' delimiter: line 1 column 3 (char 2)": 30}
  41600/61493 ok=17155 rate=7.3/s eta=2741s
    statuses: {'ok': 17155, 'filtered': 12155, 'no_target': 11150, 'json_err:Expecting value: line 1 column 2 (char 1)': 840, 'no_content': 260, "json_err:Expecting ',' delimiter: line 1 column 3 (char 2)": 30}
  41800/61493 ok=17155 rate=7.3/s eta=2701s
    statuses: {'ok': 17155, 'filtered': 12155, 'no_target': 11350, 'json_err:Expecting value: line 1 column 2 (char 1)': 840, 'no_content': 260, "json_err:Expecting ',' delimiter: line 1 column 3 (char 2)": 30}
  42000/61493 ok=17155 rate=7.3/s eta=2661s
    statuses: {'ok': 17155, 'filtered': 12155, 'no_target': 11550, 'json_err:Expecting value: line 1 column 2 (char 1)': 840, 'no_content': 260, "json_err:Expecting ',' delimiter: line 1 column 3 (char 2)": 30}
  42200/61493 ok=17155 rate=7.4/s eta=2621s
    statuses: {'ok': 17155, 'filtered': 12155, 'no_target': 11750, 'json_err:Expecting value: line 1 column 2 (char 1)': 840, 'no_content': 260, "json_err:Expecting ',' delimiter: line 1 column 3 (char 2)": 30}
  42400/61493 ok=17155 rate=7.4/s eta=2581s
    statuses: {'ok': 17155, 'filtered': 12155, 'no_target': 11950, 'json_err:Expecting value: line 1 column 2 (char 1)': 840, 'no_content': 260, "json_err:Expecting ',' delimiter: line 1 column 3 (char 2)": 30}
  42600/61493 ok=17155 rate=7.4/s eta=2542s
    statuses: {'ok': 17155, 'filtered': 12155, 'no_target': 12150, 'json_err:Expecting value: line 1 column 2 (char 1)': 840, 'no_content': 260, "json_err:Expecting ',' delimiter: line 1 column 3 (char 2)": 30}
  42800/61493 ok=17155 rate=7.5/s eta=2504s
    statuses: {'ok': 17155, 'no_target': 12350, 'filtered': 12155, 'json_err:Expecting value: line 1 column 2 (char 1)': 840, 'no_content': 260, "json_err:Expecting ',' delimiter: line 1 column 3 (char 2)": 30}
  43000/61493 ok=17155 rate=7.5/s eta=2465s
    statuses: {'ok': 17155, 'no_target': 12550, 'filtered': 12155, 'json_err:Expecting value: line 1 column 2 (char 1)': 840, 'no_content': 260, "json_err:Expecting ',' delimiter: line 1 column 3 (char 2)": 30}
  43200/61493 ok=17155 rate=7.5/s eta=2427s
    statuses: {'ok': 17155, 'no_target': 12750, 'filtered': 12155, 'json_err:Expecting value: line 1 column 2 (char 1)': 840, 'no_content': 260, "json_err:Expecting ',' delimiter: line 1 column 3 (char 2)": 30}
  43400/61493 ok=17155 rate=7.6/s eta=2390s
    statuses: {'ok': 17155, 'no_target': 12950, 'filtered': 12155, 'json_err:Expecting value: line 1 column 2 (char 1)': 840, 'no_content': 260, "json_err:Expecting ',' delimiter: line 1 column 3 (char 2)": 30}
  43600/61493 ok=17155 rate=7.6/s eta=2353s
    statuses: {'ok': 17155, 'no_target': 13150, 'filtered': 12155, 'json_err:Expecting value: line 1 column 2 (char 1)': 840, 'no_content': 260, "json_err:Expecting ',' delimiter: line 1 column 3 (char 2)": 30}
  43800/61493 ok=17155 rate=7.6/s eta=2316s
    statuses: {'ok': 17155, 'no_target': 13350, 'filtered': 12155, 'json_err:Expecting value: line 1 column 2 (char 1)': 840, 'no_content': 260, "json_err:Expecting ',' delimiter: line 1 column 3 (char 2)": 30}
  44000/61493 ok=17155 rate=7.7/s eta=2279s
    statuses: {'ok': 17155, 'no_target': 13550, 'filtered': 12155, 'json_err:Expecting value: line 1 column 2 (char 1)': 840, 'no_content': 260, "json_err:Expecting ',' delimiter: line 1 column 3 (char 2)": 30}
  44200/61493 ok=17155 rate=7.7/s eta=2243s
    statuses: {'ok': 17155, 'no_target': 13750, 'filtered': 12155, 'json_err:Expecting value: line 1 column 2 (char 1)': 840, 'no_content': 260, "json_err:Expecting ',' delimiter: line 1 column 3 (char 2)": 30}
  44400/61493 ok=17155 rate=7.7/s eta=2207s
    statuses: {'ok': 17155, 'no_target': 13950, 'filtered': 12155, 'json_err:Expecting value: line 1 column 2 (char 1)': 840, 'no_content': 260, "json_err:Expecting ',' delimiter: line 1 column 3 (char 2)": 30}
  44600/61493 ok=17155 rate=7.8/s eta=2171s
    statuses: {'ok': 17155, 'no_target': 14150, 'filtered': 12155, 'json_err:Expecting value: line 1 column 2 (char 1)': 840, 'no_content': 260, "json_err:Expecting ',' delimiter: line 1 column 3 (char 2)": 30}
  44800/61493 ok=17155 rate=7.8/s eta=2136s
    statuses: {'ok': 17155, 'no_target': 14350, 'filtered': 12155, 'json_err:Expecting value: line 1 column 2 (char 1)': 840, 'no_content': 260, "json_err:Expecting ',' delimiter: line 1 column 3 (char 2)": 30}
  45000/61493 ok=17155 rate=7.8/s eta=2101s
    statuses: {'ok': 17155, 'no_target': 14550, 'filtered': 12155, 'json_err:Expecting value: line 1 column 2 (char 1)': 840, 'no_content': 260, "json_err:Expecting ',' delimiter: line 1 column 3 (char 2)": 30}
  45200/61493 ok=17155 rate=7.9/s eta=2066s
    statuses: {'ok': 17155, 'no_target': 14750, 'filtered': 12155, 'json_err:Expecting value: line 1 column 2 (char 1)': 840, 'no_content': 260, "json_err:Expecting ',' delimiter: line 1 column 3 (char 2)": 30}
  45400/61493 ok=17155 rate=7.9/s eta=2032s
    statuses: {'ok': 17155, 'no_target': 14950, 'filtered': 12155, 'json_err:Expecting value: line 1 column 2 (char 1)': 840, 'no_content': 260, "json_err:Expecting ',' delimiter: line 1 column 3 (char 2)": 30}
  45600/61493 ok=17155 rate=8.0/s eta=1998s
    statuses: {'ok': 17155, 'no_target': 15150, 'filtered': 12155, 'json_err:Expecting value: line 1 column 2 (char 1)': 840, 'no_content': 260, "json_err:Expecting ',' delimiter: line 1 column 3 (char 2)": 30}
  45800/61493 ok=17155 rate=8.0/s eta=1964s
    statuses: {'ok': 17155, 'no_target': 15350, 'filtered': 12155, 'json_err:Expecting value: line 1 column 2 (char 1)': 840, 'no_content': 260, "json_err:Expecting ',' delimiter: line 1 column 3 (char 2)": 30}
  46000/61493 ok=17155 rate=8.0/s eta=1931s
    statuses: {'ok': 17155, 'no_target': 15550, 'filtered': 12155, 'json_err:Expecting value: line 1 column 2 (char 1)': 840, 'no_content': 260, "json_err:Expecting ',' delimiter: line 1 column 3 (char 2)": 30}
  46200/61493 ok=17155 rate=8.1/s eta=1898s
    statuses: {'ok': 17155, 'no_target': 15750, 'filtered': 12155, 'json_err:Expecting value: line 1 column 2 (char 1)': 840, 'no_content': 260, "json_err:Expecting ',' delimiter: line 1 column 3 (char 2)": 30}
  46400/61493 ok=17155 rate=8.1/s eta=1865s
    statuses: {'ok': 17155, 'no_target': 15950, 'filtered': 12155, 'json_err:Expecting value: line 1 column 2 (char 1)': 840, 'no_content': 260, "json_err:Expecting ',' delimiter: line 1 column 3 (char 2)": 30}
  46600/61493 ok=17155 rate=8.1/s eta=1832s
    statuses: {'ok': 17155, 'no_target': 16150, 'filtered': 12155, 'json_err:Expecting value: line 1 column 2 (char 1)': 840, 'no_content': 260, "json_err:Expecting ',' delimiter: line 1 column 3 (char 2)": 30}
  46800/61493 ok=17155 rate=8.2/s eta=1800s
    statuses: {'ok': 17155, 'no_target': 16350, 'filtered': 12155, 'json_err:Expecting value: line 1 column 2 (char 1)': 840, 'no_content': 260, "json_err:Expecting ',' delimiter: line 1 column 3 (char 2)": 30}
  47000/61493 ok=17155 rate=8.2/s eta=1768s
    statuses: {'ok': 17155, 'no_target': 16550, 'filtered': 12155, 'json_err:Expecting value: line 1 column 2 (char 1)': 840, 'no_content': 260, "json_err:Expecting ',' delimiter: line 1 column 3 (char 2)": 30}
  47200/61493 ok=17155 rate=8.2/s eta=1736s
    statuses: {'ok': 17155, 'no_target': 16750, 'filtered': 12155, 'json_err:Expecting value: line 1 column 2 (char 1)': 840, 'no_content': 260, "json_err:Expecting ',' delimiter: line 1 column 3 (char 2)": 30}
  47400/61493 ok=17155 rate=8.3/s eta=1704s
    statuses: {'ok': 17155, 'no_target': 16950, 'filtered': 12155, 'json_err:Expecting value: line 1 column 2 (char 1)': 840, 'no_content': 260, "json_err:Expecting ',' delimiter: line 1 column 3 (char 2)": 30}
  47600/61493 ok=17155 rate=8.3/s eta=1673s
    statuses: {'ok': 17155, 'no_target': 17150, 'filtered': 12155, 'json_err:Expecting value: line 1 column 2 (char 1)': 840, 'no_content': 260, "json_err:Expecting ',' delimiter: line 1 column 3 (char 2)": 30}
  47800/61493 ok=17155 rate=8.3/s eta=1642s
    statuses: {'no_target': 17350, 'ok': 17155, 'filtered': 12155, 'json_err:Expecting value: line 1 column 2 (char 1)': 840, 'no_content': 260, "json_err:Expecting ',' delimiter: line 1 column 3 (char 2)": 30}
  48000/61493 ok=17155 rate=8.4/s eta=1611s
    statuses: {'no_target': 17550, 'ok': 17155, 'filtered': 12155, 'json_err:Expecting value: line 1 column 2 (char 1)': 840, 'no_content': 260, "json_err:Expecting ',' delimiter: line 1 column 3 (char 2)": 30}
  48200/61493 ok=17155 rate=8.4/s eta=1581s
    statuses: {'no_target': 17750, 'ok': 17155, 'filtered': 12155, 'json_err:Expecting value: line 1 column 2 (char 1)': 840, 'no_content': 260, "json_err:Expecting ',' delimiter: line 1 column 3 (char 2)": 30}
  48400/61493 ok=17155 rate=8.4/s eta=1551s
    statuses: {'no_target': 17950, 'ok': 17155, 'filtered': 12155, 'json_err:Expecting value: line 1 column 2 (char 1)': 840, 'no_content': 260, "json_err:Expecting ',' delimiter: line 1 column 3 (char 2)": 30}
  48600/61493 ok=17155 rate=8.5/s eta=1521s
    statuses: {'no_target': 18150, 'ok': 17155, 'filtered': 12155, 'json_err:Expecting value: line 1 column 2 (char 1)': 840, 'no_content': 260, "json_err:Expecting ',' delimiter: line 1 column 3 (char 2)": 30}
  48800/61493 ok=17155 rate=8.5/s eta=1491s
    statuses: {'no_target': 18350, 'ok': 17155, 'filtered': 12155, 'json_err:Expecting value: line 1 column 2 (char 1)': 840, 'no_content': 260, "json_err:Expecting ',' delimiter: line 1 column 3 (char 2)": 30}
  49000/61493 ok=17155 rate=8.5/s eta=1462s
    statuses: {'no_target': 18550, 'ok': 17155, 'filtered': 12155, 'json_err:Expecting value: line 1 column 2 (char 1)': 840, 'no_content': 260, "json_err:Expecting ',' delimiter: line 1 column 3 (char 2)": 30}
  49200/61493 ok=17155 rate=8.6/s eta=1432s
    statuses: {'no_target': 18750, 'ok': 17155, 'filtered': 12155, 'json_err:Expecting value: line 1 column 2 (char 1)': 840, 'no_content': 260, "json_err:Expecting ',' delimiter: line 1 column 3 (char 2)": 30}
  49400/61493 ok=17155 rate=8.6/s eta=1403s
    statuses: {'no_target': 18950, 'ok': 17155, 'filtered': 12155, 'json_err:Expecting value: line 1 column 2 (char 1)': 840, 'no_content': 260, "json_err:Expecting ',' delimiter: line 1 column 3 (char 2)": 30}
  49600/61493 ok=17155 rate=8.7/s eta=1375s
    statuses: {'no_target': 19150, 'ok': 17155, 'filtered': 12155, 'json_err:Expecting value: line 1 column 2 (char 1)': 840, 'no_content': 260, "json_err:Expecting ',' delimiter: line 1 column 3 (char 2)": 30}
  49800/61493 ok=17155 rate=8.7/s eta=1346s
    statuses: {'no_target': 19350, 'ok': 17155, 'filtered': 12155, 'json_err:Expecting value: line 1 column 2 (char 1)': 840, 'no_content': 260, "json_err:Expecting ',' delimiter: line 1 column 3 (char 2)": 30}
  50000/61493 ok=17155 rate=8.7/s eta=1318s
    statuses: {'no_target': 19550, 'ok': 17155, 'filtered': 12155, 'json_err:Expecting value: line 1 column 2 (char 1)': 840, 'no_content': 260, "json_err:Expecting ',' delimiter: line 1 column 3 (char 2)": 30}
  50200/61493 ok=17155 rate=8.8/s eta=1290s
    statuses: {'no_target': 19750, 'ok': 17155, 'filtered': 12155, 'json_err:Expecting value: line 1 column 2 (char 1)': 840, 'no_content': 260, "json_err:Expecting ',' delimiter: line 1 column 3 (char 2)": 30}
  50400/61493 ok=17155 rate=8.8/s eta=1262s
    statuses: {'no_target': 19950, 'ok': 17155, 'filtered': 12155, 'json_err:Expecting value: line 1 column 2 (char 1)': 840, 'no_content': 260, "json_err:Expecting ',' delimiter: line 1 column 3 (char 2)": 30}
  50600/61493 ok=17155 rate=8.8/s eta=1234s
    statuses: {'no_target': 20150, 'ok': 17155, 'filtered': 12155, 'json_err:Expecting value: line 1 column 2 (char 1)': 840, 'no_content': 260, "json_err:Expecting ',' delimiter: line 1 column 3 (char 2)": 30}
  50800/61493 ok=17155 rate=8.9/s eta=1207s
    statuses: {'no_target': 20350, 'ok': 17155, 'filtered': 12155, 'json_err:Expecting value: line 1 column 2 (char 1)': 840, 'no_content': 260, "json_err:Expecting ',' delimiter: line 1 column 3 (char 2)": 30}
  51000/61493 ok=17155 rate=8.9/s eta=1179s
    statuses: {'no_target': 20550, 'ok': 17155, 'filtered': 12155, 'json_err:Expecting value: line 1 column 2 (char 1)': 840, 'no_content': 260, "json_err:Expecting ',' delimiter: line 1 column 3 (char 2)": 30}
  51200/61493 ok=17155 rate=8.9/s eta=1152s
    statuses: {'no_target': 20750, 'ok': 17155, 'filtered': 12155, 'json_err:Expecting value: line 1 column 2 (char 1)': 840, 'no_content': 260, "json_err:Expecting ',' delimiter: line 1 column 3 (char 2)": 30}
  51400/61493 ok=17155 rate=9.0/s eta=1126s
    statuses: {'no_target': 20950, 'ok': 17155, 'filtered': 12155, 'json_err:Expecting value: line 1 column 2 (char 1)': 840, 'no_content': 260, "json_err:Expecting ',' delimiter: line 1 column 3 (char 2)": 30}
  51600/61493 ok=17155 rate=9.0/s eta=1099s
    statuses: {'no_target': 21150, 'ok': 17155, 'filtered': 12155, 'json_err:Expecting value: line 1 column 2 (char 1)': 840, 'no_content': 260, "json_err:Expecting ',' delimiter: line 1 column 3 (char 2)": 30}
  51800/61493 ok=17155 rate=9.0/s eta=1073s
    statuses: {'no_target': 21350, 'ok': 17155, 'filtered': 12155, 'json_err:Expecting value: line 1 column 2 (char 1)': 840, 'no_content': 260, "json_err:Expecting ',' delimiter: line 1 column 3 (char 2)": 30}
  52000/61493 ok=17155 rate=9.1/s eta=1047s
    statuses: {'no_target': 21550, 'ok': 17155, 'filtered': 12155, 'json_err:Expecting value: line 1 column 2 (char 1)': 840, 'no_content': 260, "json_err:Expecting ',' delimiter: line 1 column 3 (char 2)": 30}
  52200/61493 ok=17155 rate=9.1/s eta=1021s
    statuses: {'no_target': 21750, 'ok': 17155, 'filtered': 12155, 'json_err:Expecting value: line 1 column 2 (char 1)': 840, 'no_content': 260, "json_err:Expecting ',' delimiter: line 1 column 3 (char 2)": 30}
  52400/61493 ok=17155 rate=9.1/s eta=995s
    statuses: {'no_target': 21950, 'ok': 17155, 'filtered': 12155, 'json_err:Expecting value: line 1 column 2 (char 1)': 840, 'no_content': 260, "json_err:Expecting ',' delimiter: line 1 column 3 (char 2)": 30}
  52600/61493 ok=17155 rate=9.2/s eta=969s
    statuses: {'no_target': 22150, 'ok': 17155, 'filtered': 12155, 'json_err:Expecting value: line 1 column 2 (char 1)': 840, 'no_content': 260, "json_err:Expecting ',' delimiter: line 1 column 3 (char 2)": 30}
  52800/61493 ok=17155 rate=9.2/s eta=944s
    statuses: {'no_target': 22350, 'ok': 17155, 'filtered': 12155, 'json_err:Expecting value: line 1 column 2 (char 1)': 840, 'no_content': 260, "json_err:Expecting ',' delimiter: line 1 column 3 (char 2)": 30}
  53000/61493 ok=17155 rate=9.2/s eta=919s
    statuses: {'no_target': 22550, 'ok': 17155, 'filtered': 12155, 'json_err:Expecting value: line 1 column 2 (char 1)': 840, 'no_content': 260, "json_err:Expecting ',' delimiter: line 1 column 3 (char 2)": 30}
  53200/61493 ok=17155 rate=9.3/s eta=894s
    statuses: {'no_target': 22750, 'ok': 17155, 'filtered': 12155, 'json_err:Expecting value: line 1 column 2 (char 1)': 840, 'no_content': 260, "json_err:Expecting ',' delimiter: line 1 column 3 (char 2)": 30}
  53400/61493 ok=17155 rate=9.3/s eta=869s
    statuses: {'no_target': 22950, 'ok': 17155, 'filtered': 12155, 'json_err:Expecting value: line 1 column 2 (char 1)': 840, 'no_content': 260, "json_err:Expecting ',' delimiter: line 1 column 3 (char 2)": 30}
  53600/61493 ok=17155 rate=9.4/s eta=844s
    statuses: {'no_target': 23150, 'ok': 17155, 'filtered': 12155, 'json_err:Expecting value: line 1 column 2 (char 1)': 840, 'no_content': 260, "json_err:Expecting ',' delimiter: line 1 column 3 (char 2)": 30}
  53800/61493 ok=17155 rate=9.4/s eta=820s
    statuses: {'no_target': 23350, 'ok': 17155, 'filtered': 12155, 'json_err:Expecting value: line 1 column 2 (char 1)': 840, 'no_content': 260, "json_err:Expecting ',' delimiter: line 1 column 3 (char 2)": 30}
  54000/61493 ok=17155 rate=9.4/s eta=795s
    statuses: {'no_target': 23550, 'ok': 17155, 'filtered': 12155, 'json_err:Expecting value: line 1 column 2 (char 1)': 840, 'no_content': 260, "json_err:Expecting ',' delimiter: line 1 column 3 (char 2)": 30}
  54200/61493 ok=17155 rate=9.5/s eta=771s
    statuses: {'no_target': 23750, 'ok': 17155, 'filtered': 12155, 'json_err:Expecting value: line 1 column 2 (char 1)': 840, 'no_content': 260, "json_err:Expecting ',' delimiter: line 1 column 3 (char 2)": 30}
  54400/61493 ok=17155 rate=9.5/s eta=747s
    statuses: {'no_target': 23950, 'ok': 17155, 'filtered': 12155, 'json_err:Expecting value: line 1 column 2 (char 1)': 840, 'no_content': 260, "json_err:Expecting ',' delimiter: line 1 column 3 (char 2)": 30}
  54600/61493 ok=17155 rate=9.5/s eta=724s
    statuses: {'no_target': 24150, 'ok': 17155, 'filtered': 12155, 'json_err:Expecting value: line 1 column 2 (char 1)': 840, 'no_content': 260, "json_err:Expecting ',' delimiter: line 1 column 3 (char 2)": 30}
  54800/61493 ok=17155 rate=9.6/s eta=700s
    statuses: {'no_target': 24350, 'ok': 17155, 'filtered': 12155, 'json_err:Expecting value: line 1 column 2 (char 1)': 840, 'no_content': 260, "json_err:Expecting ',' delimiter: line 1 column 3 (char 2)": 30}
  55000/61493 ok=17155 rate=9.6/s eta=677s
    statuses: {'no_target': 24550, 'ok': 17155, 'filtered': 12155, 'json_err:Expecting value: line 1 column 2 (char 1)': 840, 'no_content': 260, "json_err:Expecting ',' delimiter: line 1 column 3 (char 2)": 30}
  55200/61493 ok=17155 rate=9.6/s eta=654s
    statuses: {'no_target': 24750, 'ok': 17155, 'filtered': 12155, 'json_err:Expecting value: line 1 column 2 (char 1)': 840, 'no_content': 260, "json_err:Expecting ',' delimiter: line 1 column 3 (char 2)": 30}
  55400/61493 ok=17155 rate=9.7/s eta=630s
    statuses: {'no_target': 24950, 'ok': 17155, 'filtered': 12155, 'json_err:Expecting value: line 1 column 2 (char 1)': 840, 'no_content': 260, "json_err:Expecting ',' delimiter: line 1 column 3 (char 2)": 30}
  55600/61493 ok=17155 rate=9.7/s eta=608s
    statuses: {'no_target': 25150, 'ok': 17155, 'filtered': 12155, 'json_err:Expecting value: line 1 column 2 (char 1)': 840, 'no_content': 260, "json_err:Expecting ',' delimiter: line 1 column 3 (char 2)": 30}
  55800/61493 ok=17155 rate=9.7/s eta=585s
    statuses: {'no_target': 25350, 'ok': 17155, 'filtered': 12155, 'json_err:Expecting value: line 1 column 2 (char 1)': 840, 'no_content': 260, "json_err:Expecting ',' delimiter: line 1 column 3 (char 2)": 30}
  56000/61493 ok=17155 rate=9.8/s eta=562s
    statuses: {'no_target': 25550, 'ok': 17155, 'filtered': 12155, 'json_err:Expecting value: line 1 column 2 (char 1)': 840, 'no_content': 260, "json_err:Expecting ',' delimiter: line 1 column 3 (char 2)": 30}
  56200/61493 ok=17155 rate=9.8/s eta=540s
    statuses: {'no_target': 25750, 'ok': 17155, 'filtered': 12155, 'json_err:Expecting value: line 1 column 2 (char 1)': 840, 'no_content': 260, "json_err:Expecting ',' delimiter: line 1 column 3 (char 2)": 30}
  56400/61493 ok=17155 rate=9.8/s eta=518s
    statuses: {'no_target': 25950, 'ok': 17155, 'filtered': 12155, 'json_err:Expecting value: line 1 column 2 (char 1)': 840, 'no_content': 260, "json_err:Expecting ',' delimiter: line 1 column 3 (char 2)": 30}
  56600/61493 ok=17155 rate=9.9/s eta=496s
    statuses: {'no_target': 26150, 'ok': 17155, 'filtered': 12155, 'json_err:Expecting value: line 1 column 2 (char 1)': 840, 'no_content': 260, "json_err:Expecting ',' delimiter: line 1 column 3 (char 2)": 30}
  56800/61493 ok=17155 rate=9.9/s eta=474s
    statuses: {'no_target': 26350, 'ok': 17155, 'filtered': 12155, 'json_err:Expecting value: line 1 column 2 (char 1)': 840, 'no_content': 260, "json_err:Expecting ',' delimiter: line 1 column 3 (char 2)": 30}
  57000/61493 ok=17155 rate=9.9/s eta=452s
    statuses: {'no_target': 26550, 'ok': 17155, 'filtered': 12155, 'json_err:Expecting value: line 1 column 2 (char 1)': 840, 'no_content': 260, "json_err:Expecting ',' delimiter: line 1 column 3 (char 2)": 30}
  57200/61493 ok=17155 rate=10.0/s eta=430s
    statuses: {'no_target': 26750, 'ok': 17155, 'filtered': 12155, 'json_err:Expecting value: line 1 column 2 (char 1)': 840, 'no_content': 260, "json_err:Expecting ',' delimiter: line 1 column 3 (char 2)": 30}
  57400/61493 ok=17155 rate=10.0/s eta=409s
    statuses: {'no_target': 26950, 'ok': 17155, 'filtered': 12155, 'json_err:Expecting value: line 1 column 2 (char 1)': 840, 'no_content': 260, "json_err:Expecting ',' delimiter: line 1 column 3 (char 2)": 30}
  57600/61493 ok=17155 rate=10.0/s eta=387s
    statuses: {'no_target': 27150, 'ok': 17155, 'filtered': 12155, 'json_err:Expecting value: line 1 column 2 (char 1)': 840, 'no_content': 260, "json_err:Expecting ',' delimiter: line 1 column 3 (char 2)": 30}
  57800/61493 ok=17155 rate=10.1/s eta=366s
    statuses: {'no_target': 27350, 'ok': 17155, 'filtered': 12155, 'json_err:Expecting value: line 1 column 2 (char 1)': 840, 'no_content': 260, "json_err:Expecting ',' delimiter: line 1 column 3 (char 2)": 30}
  58000/61493 ok=17155 rate=10.1/s eta=345s
    statuses: {'no_target': 27550, 'ok': 17155, 'filtered': 12155, 'json_err:Expecting value: line 1 column 2 (char 1)': 840, 'no_content': 260, "json_err:Expecting ',' delimiter: line 1 column 3 (char 2)": 30}
  58200/61493 ok=17155 rate=10.2/s eta=324s
    statuses: {'no_target': 27750, 'ok': 17155, 'filtered': 12155, 'json_err:Expecting value: line 1 column 2 (char 1)': 840, 'no_content': 260, "json_err:Expecting ',' delimiter: line 1 column 3 (char 2)": 30}
  58400/61493 ok=17155 rate=10.2/s eta=304s
    statuses: {'no_target': 27950, 'ok': 17155, 'filtered': 12155, 'json_err:Expecting value: line 1 column 2 (char 1)': 840, 'no_content': 260, "json_err:Expecting ',' delimiter: line 1 column 3 (char 2)": 30}
  58600/61493 ok=17155 rate=10.2/s eta=283s
    statuses: {'no_target': 28150, 'ok': 17155, 'filtered': 12155, 'json_err:Expecting value: line 1 column 2 (char 1)': 840, 'no_content': 260, "json_err:Expecting ',' delimiter: line 1 column 3 (char 2)": 30}
  58800/61493 ok=17155 rate=10.3/s eta=263s
    statuses: {'no_target': 28350, 'ok': 17155, 'filtered': 12155, 'json_err:Expecting value: line 1 column 2 (char 1)': 840, 'no_content': 260, "json_err:Expecting ',' delimiter: line 1 column 3 (char 2)": 30}
  59000/61493 ok=17155 rate=10.3/s eta=242s
    statuses: {'no_target': 28550, 'ok': 17155, 'filtered': 12155, 'json_err:Expecting value: line 1 column 2 (char 1)': 840, 'no_content': 260, "json_err:Expecting ',' delimiter: line 1 column 3 (char 2)": 30}
  59200/61493 ok=17155 rate=10.3/s eta=222s
    statuses: {'no_target': 28750, 'ok': 17155, 'filtered': 12155, 'json_err:Expecting value: line 1 column 2 (char 1)': 840, 'no_content': 260, "json_err:Expecting ',' delimiter: line 1 column 3 (char 2)": 30}
  59400/61493 ok=17155 rate=10.4/s eta=202s
    statuses: {'no_target': 28950, 'ok': 17155, 'filtered': 12155, 'json_err:Expecting value: line 1 column 2 (char 1)': 840, 'no_content': 260, "json_err:Expecting ',' delimiter: line 1 column 3 (char 2)": 30}
  59600/61493 ok=17155 rate=10.4/s eta=182s
    statuses: {'no_target': 29150, 'ok': 17155, 'filtered': 12155, 'json_err:Expecting value: line 1 column 2 (char 1)': 840, 'no_content': 260, "json_err:Expecting ',' delimiter: line 1 column 3 (char 2)": 30}
  59800/61493 ok=17155 rate=10.4/s eta=162s
    statuses: {'no_target': 29350, 'ok': 17155, 'filtered': 12155, 'json_err:Expecting value: line 1 column 2 (char 1)': 840, 'no_content': 260, "json_err:Expecting ',' delimiter: line 1 column 3 (char 2)": 30}
  60000/61493 ok=17155 rate=10.5/s eta=143s
    statuses: {'no_target': 29550, 'ok': 17155, 'filtered': 12155, 'json_err:Expecting value: line 1 column 2 (char 1)': 840, 'no_content': 260, "json_err:Expecting ',' delimiter: line 1 column 3 (char 2)": 30}
  60200/61493 ok=17155 rate=10.5/s eta=123s
    statuses: {'no_target': 29750, 'ok': 17155, 'filtered': 12155, 'json_err:Expecting value: line 1 column 2 (char 1)': 840, 'no_content': 260, "json_err:Expecting ',' delimiter: line 1 column 3 (char 2)": 30}
  60400/61493 ok=17155 rate=10.5/s eta=104s
    statuses: {'no_target': 29950, 'ok': 17155, 'filtered': 12155, 'json_err:Expecting value: line 1 column 2 (char 1)': 840, 'no_content': 260, "json_err:Expecting ',' delimiter: line 1 column 3 (char 2)": 30}
  60600/61493 ok=17155 rate=10.6/s eta=84s
    statuses: {'no_target': 30150, 'ok': 17155, 'filtered': 12155, 'json_err:Expecting value: line 1 column 2 (char 1)': 840, 'no_content': 260, "json_err:Expecting ',' delimiter: line 1 column 3 (char 2)": 30}
  60800/61493 ok=17155 rate=10.6/s eta=65s
    statuses: {'no_target': 30350, 'ok': 17155, 'filtered': 12155, 'json_err:Expecting value: line 1 column 2 (char 1)': 840, 'no_content': 260, "json_err:Expecting ',' delimiter: line 1 column 3 (char 2)": 30}
  61000/61493 ok=17155 rate=10.6/s eta=46s
    statuses: {'no_target': 30550, 'ok': 17155, 'filtered': 12155, 'json_err:Expecting value: line 1 column 2 (char 1)': 840, 'no_content': 260, "json_err:Expecting ',' delimiter: line 1 column 3 (char 2)": 30}
  61200/61493 ok=17155 rate=10.7/s eta=27s
    statuses: {'no_target': 30750, 'ok': 17155, 'filtered': 12155, 'json_err:Expecting value: line 1 column 2 (char 1)': 840, 'no_content': 260, "json_err:Expecting ',' delimiter: line 1 column 3 (char 2)": 30}
  61400/61493 ok=17155 rate=10.7/s eta=9s
    statuses: {'no_target': 30950, 'ok': 17155, 'filtered': 12155, 'json_err:Expecting value: line 1 column 2 (char 1)': 840, 'no_content': 260, "json_err:Expecting ',' delimiter: line 1 column 3 (char 2)": 30}

DONE: 61493 in 5741.8s ok=17171
