  clock_calc                     no_contexts
  rf_timer_toggle_update         no_contexts
  crypto_hw_enable               no_contexts
  crypto_hw_disable              no_contexts
  crypto_key_load                no_contexts
  feature_guard_sdio             ok name=feature_guard_sdio sub=util
  rf_state_check                 no_contexts
  rf_mem_write                   no_contexts
  rf_bus_write2                  no_contexts
  rf_bus_mark                    no_contexts
  rf_level_apply                 no_contexts
  rf_hw_timer_init               ok name=rf_hw_timer_init sub=rf
  rf_mem_read                    no_contexts
  rf_reg_write_wait              ok name=rf_reg_write_wait sub=rf
  log_system_init_mode2          ok name=log_system_init_mode2 sub=util
  rf_bus_reset2                  no_contexts
  rf_bus_write                   no_contexts
  rf_stream_start                ok name=rf_stream_start sub=rf
  rf_cmd_dispatch                ok name=rf_cmd_dispatch sub=rf
  rf_msg_handler                 no_contexts
  rf_msg_process_body            no_contexts
  rf_status_poll                 no_contexts
  rf_stream_start2               ok name=rf_stream_start2 sub=rf
  rf_bus_setup                   invented:0x120000,0x120000
