[2026-06-05 14:38:22] START master upload, drive folder=15Eed1elahUOUPbILjO35ClBurzykKLDl
[2026-06-05 14:38:22] free home=4836180K free tmp=6978472K
[2026-06-05 14:38:22] --- TIER 0: critical state ---
[2026-06-05 14:38:22] === FILE truth_lane_targets.json ===
[2026-06-05 14:38:25] uploaded id=1VTfpAf3ksgquboYYqZtRgiIeYb91nb_2 size=12K
[2026-06-05 14:38:25] === FILE truth_lane_function_names.txt ===
[2026-06-05 14:38:27] uploaded id=1t4hoGILs4hQ28i87PWW99KlfAkHXpwpC size=4.0K
[2026-06-05 14:38:27] === FILE truth_lane_targets_25_for_ida.json ===
[2026-06-05 14:38:29] uploaded id=1YEa8nO1KbFNCnLm8SK5GhN148omTh-9H size=4.0K
[2026-06-05 14:38:29] === FILE truth_lane_dossier.md ===
[2026-06-05 14:38:31] uploaded id=1CZhNEi9Q1KcheK10OQh-z4RPdE122C6l size=4.0K
[2026-06-05 14:38:31] === FILE truth_lane_scorecard.json ===
[2026-06-05 14:38:33] uploaded id=1489Lf9vjKEIdzF-xy03OAvkPm5ik0cS9 size=16K
[2026-06-05 14:38:33] === FILE truth_lane_scorecard.md ===
[2026-06-05 14:38:35] uploaded id=1t-avyd_5BHtjJbjzPpRXmHD5jaAAc0Bk size=8.0K
[2026-06-05 14:38:35] === FILE truth_lane_review_before.json ===
[2026-06-05 14:38:37] uploaded id=1EGW1k5oIbaacgsRdf1hUppCqPLemg4M2 size=12K
[2026-06-05 14:38:37] === FILE truth_lane_review_after.json ===
[2026-06-05 14:38:39] uploaded id=15eiq9fo6CEmDFrUuALo6V0dFlg0iPUPt size=8.0K
[2026-06-05 14:38:39] --- TIER 1: active mega7 run-root ---
[2026-06-05 14:38:39] === reconstruction_mega7 ===
[2026-06-05 14:38:39] src=/home/grec-alexander/Downloads/aic8800d80/extraction_out/reconstruction/mega7 free_home=4835444K free_tmp=6978472K
[2026-06-05 14:40:23] compressed=346M
[2026-06-05 14:40:43] uploaded id=1ltk-9wmyLusOFV9LNEmq8dbgtQEFi6iB size=346M
[2026-06-05 14:40:43] post: free_home=4830196K free_tmp=6978108K
[2026-06-05 14:40:43] --- TIER 2: small reconstruction subdirs ---
[2026-06-05 14:40:43] === reconstruction_mega7_p1 ===
[2026-06-05 14:40:43] src=/home/grec-alexander/Downloads/aic8800d80/extraction_out/reconstruction/mega7_p1 free_home=4830196K free_tmp=6978108K
[2026-06-05 14:42:51] compressed=346M
[2026-06-05 14:43:14] uploaded id=1kbdf8DFBsCxergoP8gFWg49afnVzLFnJ size=346M
[2026-06-05 14:43:14] post: free_home=4827752K free_tmp=6977600K
[2026-06-05 14:43:14] === reconstruction_mega7_p2 ===
[2026-06-05 14:43:14] src=/home/grec-alexander/Downloads/aic8800d80/extraction_out/reconstruction/mega7_p2 free_home=4827960K free_tmp=6977600K
[2026-06-05 14:45:16] compressed=282M
[2026-06-05 14:45:34] uploaded id=1Vc5lpK8Rzn9GLMgR5oRCxxjkBa378CSW size=282M
[2026-06-05 14:45:35] post: free_home=4827784K free_tmp=6977584K
[2026-06-05 14:45:35] === reconstruction_mega_embed ===
[2026-06-05 14:45:35] src=/home/grec-alexander/Downloads/aic8800d80/extraction_out/reconstruction/mega_embed free_home=4827784K free_tmp=6977584K
[2026-06-05 14:45:36] compressed=508K
[2026-06-05 14:45:38] uploaded id=1drO-tlQUvRdTCzWZq8ey7VV5WAsbdTid size=508K
[2026-06-05 14:45:38] post: free_home=4827760K free_tmp=6977584K
[2026-06-05 14:45:38] --- TIER 3: fleets ---
[2026-06-05 14:45:38] === fleets_mega7_parallel_roles16_20260528T2010Z ===
[2026-06-05 14:45:38] src=/home/grec-alexander/Downloads/aic8800d80/extraction_out/reconstruction/fleets/mega7_parallel_roles16_20260528T2010Z free_home=4827760K free_tmp=6977584K
[2026-06-05 14:54:01] compressed=2.2G
[2026-06-05 14:57:55] uploaded id=1YJVR_Ss9uD83VsQPynjwzCnl7j8rS44L size=2.2G
[2026-06-05 14:57:55] post: free_home=4794980K free_tmp=6977344K
[2026-06-05 14:57:55] === fleets_mega7_parallel_20260528T0139Z ===
[2026-06-05 14:57:55] src=/home/grec-alexander/Downloads/aic8800d80/extraction_out/reconstruction/fleets/mega7_parallel_20260528T0139Z free_home=4794980K free_tmp=6977344K
[2026-06-05 15:03:33] compressed=2.4G
[2026-06-05 15:07:34] uploaded id=1SljhKIc8Hzi4odv6HqywCuhrOFwYirs_ size=2.4G
[2026-06-05 15:07:34] post: free_home=5176112K free_tmp=6977052K
[2026-06-05 15:07:34] === fleets_mega7_parallel_breaker_20260528T2010Z ===
[2026-06-05 15:07:34] src=/home/grec-alexander/Downloads/aic8800d80/extraction_out/reconstruction/fleets/mega7_parallel_breaker_20260528T2010Z free_home=5176112K free_tmp=6977052K
[2026-06-05 15:08:58] compressed=518M
[2026-06-05 15:10:12] uploaded id=1K5ha4pPvBzKg7pFV8q8DlFRbxC83zuDh size=518M
[2026-06-05 15:10:13] post: free_home=5175204K free_tmp=6977052K
[2026-06-05 15:10:13] --- TIER 4: top-level old probe runs ---
[2026-06-05 15:10:13] === extraction_out_mega5 ===
[2026-06-05 15:10:13] src=/home/grec-alexander/Downloads/aic8800d80/extraction_out/mega5 free_home=5175204K free_tmp=6977052K
[2026-06-05 15:11:49] compressed=223M
[2026-06-05 15:12:22] uploaded id=11-jY8mFtdUsj4letiRdImPC741TuP7sl size=223M
[2026-06-05 15:12:22] post: free_home=5174772K free_tmp=6977052K
[2026-06-05 15:12:22] === extraction_out_mega6 ===
[2026-06-05 15:12:22] src=/home/grec-alexander/Downloads/aic8800d80/extraction_out/mega6 free_home=5174772K free_tmp=6977052K
[2026-06-05 15:13:28] compressed=190M
[2026-06-05 15:13:56] uploaded id=1E2kFMn5ADhjTgveB2_MQ-RZdqXySuOdn size=190M
[2026-06-05 15:13:56] post: free_home=5174436K free_tmp=6977052K
[2026-06-05 15:13:56] SKIP (missing): /home/grec-alexander/Downloads/aic8800d80/extraction_out/mega7_top
[2026-06-05 15:13:56] === extraction_out_mega8 ===
[2026-06-05 15:13:56] src=/home/grec-alexander/Downloads/aic8800d80/extraction_out/mega8 free_home=5174436K free_tmp=6977052K
[2026-06-05 15:14:04] compressed=32M
[2026-06-05 15:14:09] uploaded id=11Ij6iLQ562Z47uBxhsQruAMMRjV7mYKa size=32M
[2026-06-05 15:14:09] post: free_home=5174492K free_tmp=6977052K
[2026-06-05 15:14:09] === extraction_out_mega9 ===
[2026-06-05 15:14:09] src=/home/grec-alexander/Downloads/aic8800d80/extraction_out/mega9 free_home=5174492K free_tmp=6977052K
[2026-06-05 15:15:24] compressed=209M
[2026-06-05 15:15:53] uploaded id=1aH4Exf3MjvOrQiMP_GFNPQoGvbdLGEol size=209M
[2026-06-05 15:15:53] post: free_home=5171660K free_tmp=6977052K
[2026-06-05 15:15:53] === extraction_out_sweeps ===
[2026-06-05 15:15:53] src=/home/grec-alexander/Downloads/aic8800d80/extraction_out/sweeps free_home=5171660K free_tmp=6977052K
[2026-06-05 15:16:42] compressed=135M
[2026-06-05 15:17:02] uploaded id=1U2pBKz43TNJYTEJu8NiHEOnrn64HdtN- size=135M
[2026-06-05 15:17:02] post: free_home=5055292K free_tmp=6977052K
[2026-06-05 15:17:02] === extraction_out_runs ===
[2026-06-05 15:17:02] src=/home/grec-alexander/Downloads/aic8800d80/extraction_out/runs free_home=5055276K free_tmp=6977052K
[2026-06-05 15:17:24] compressed=67M
[2026-06-05 15:17:33] uploaded id=14g4XldtdbBomJUvu7OMfPDzeSdG0gn2X size=67M
[2026-06-05 15:17:33] post: free_home=4955756K free_tmp=6977052K
[2026-06-05 15:17:33] --- TIER 5: top-level small files ---
[2026-06-05 15:17:33] === FILE extraction_out_artifacts.jsonl ===
[2026-06-05 15:17:35] uploaded id=1KHQozCILOacCUdH9ON38LxAAifgvYAaq size=12K
[2026-06-05 15:17:35] === FILE extraction_out_call_edges.jsonl ===
[2026-06-05 15:17:37] uploaded id=18yEt9LQOwvl9zwDbnWSkSNX0IxH5phd8 size=1.7M
[2026-06-05 15:17:37] === FILE extraction_out_call_edges.merged.jsonl ===
[2026-06-05 15:17:39] uploaded id=1N6GoApPz09GK0WpOP3YXCkFyZZZlTwPN size=2.4M
[2026-06-05 15:17:39] === FILE extraction_out_call_edges.pre_ida_backup.jsonl ===
[2026-06-05 15:17:41] uploaded id=1vycycd94EIBVWKM5TOzfguEr6WtO4AIZ size=60K
[2026-06-05 15:17:41] === FILE extraction_out_call_edges.with_ida_raw.jsonl ===
[2026-06-05 15:17:43] uploaded id=1kTiB21UJDBEogww2GsBmDG8R1L4A4sdA size=1.7M
[2026-06-05 15:17:43] === FILE extraction_out_function_links.jsonl ===
[2026-06-05 15:17:45] uploaded id=1Z3cExE7kfXjsBvJrNoQTCMxCs1c09_IW size=152K
[2026-06-05 15:17:45] === FILE extraction_out_functions.jsonl ===
[2026-06-05 15:17:47] uploaded id=11zPpGEmO3TrebAD6ZRnuSqDj-x_S755y size=76K
[2026-06-05 15:17:47] === FILE extraction_out_images.jsonl ===
[2026-06-05 15:17:48] uploaded id=1onO5uLEo31PLapi7FHKt9u_LIpj_5xGw size=4.0K
[2026-06-05 15:17:48] === FILE extraction_out_message_routes.jsonl ===
[2026-06-05 15:17:50] uploaded id=1qaPYYARXL9NOwIDdkVPiwJayPFR5dGUi size=4.0K
[2026-06-05 15:17:50] === FILE extraction_out_message_schema.jsonl ===
[2026-06-05 15:17:52] uploaded id=16ozqG9mBawzScTBUNKDUhkLOVvsLUFck size=24K
[2026-06-05 15:17:52] === FILE extraction_out_mining_queue.jsonl ===
[2026-06-05 15:17:54] uploaded id=1C1AA6mfpUmMnO4w27zCEsU9MHGqsdIK6 size=348K
[2026-06-05 15:17:54] === FILE extraction_out_mining_queue_full.jsonl ===
[2026-06-05 15:18:05] uploaded id=1AkIl13KxSuvzPDGsXU5bMpumot_-rZcB size=77M
[2026-06-05 15:18:05] === FILE extraction_out_mining_queue_top300.jsonl ===
[2026-06-05 15:18:07] uploaded id=1P7z8S3Mq6hEexdhc0t2dM5ajawFMVH5m size=88K
[2026-06-05 15:18:07] === FILE extraction_out_patch_entries.jsonl ===
[2026-06-05 15:18:09] uploaded id=1Z31Sd61P5EqDuMCcBiQ7sPoHtajswqya size=848K
[2026-06-05 15:18:09] === FILE extraction_out_state_machines.jsonl ===
[2026-06-05 15:18:11] uploaded id=1wGD2b0wCeOr7nkRFv2f4wR1VFRIaDAOA size=4.0K
[2026-06-05 15:18:11] === FILE extraction_out_stats_history.jsonl ===
[2026-06-05 15:18:13] uploaded id=1juH3F5BofH7HBuSG1ZmKa2mY1xbu0FXf size=5.8M
[2026-06-05 15:18:13] === FILE extraction_out_mining_queue_delta.json ===
[2026-06-05 15:18:15] uploaded id=1NScJLanOkDSJBuUN-7eFIVSr7UJtpFwh size=4.0K
[2026-06-05 15:18:15] === FILE extraction_out_stats_latest.json ===
[2026-06-05 15:18:17] uploaded id=1QlI8P9-vAUxBRIfV_aXYJ4eMoxNS5jre size=116K
[2026-06-05 15:18:17] === FILE extraction_out_summary.json ===
[2026-06-05 15:18:19] uploaded id=1RUQ-UlAqYm0ncwq26K8n8-gHJt4gzKxK size=4.0K
[2026-06-05 15:18:19] === FILE reconstruction_recon_strict.jsonl ===
[2026-06-05 15:18:20] uploaded id=1tNo3JE5y1Kk1d2VMXgnrpTL4ak90I8_D size=272K
[2026-06-05 15:18:20] === FILE reconstruction_recon_union.jsonl ===
[2026-06-05 15:19:40] uploaded id=13ozQAyhWUxTX5nFxyg7lNytf77HQdahv size=633M
[2026-06-05 15:19:40] === FILE reconstruction_recon_workset.jsonl ===
[2026-06-05 15:19:42] uploaded id=1SzuMlm9gaxzGpnw2Tw2M2tSOyipxpukV size=4.4M
[2026-06-05 15:19:42] === FILE reconstruction_ida_jobs.json ===
[2026-06-05 15:19:44] uploaded id=15lpsnKYfJNo8QcoZaUz1_WdrzxKdNvA4 size=4.0K
[2026-06-05 15:19:44] === FILE reconstruction_recon_manifest.json ===
[2026-06-05 15:19:46] uploaded id=1UfdrLaQV9-hiyofQaUQBUuWUhnaqDGTr size=4.0K
[2026-06-05 15:19:46] === reconstruction_ida_jobs ===
[2026-06-05 15:19:46] src=/home/grec-alexander/Downloads/aic8800d80/extraction_out/reconstruction/ida_jobs free_home=4930868K free_tmp=6977052K
[2026-06-05 15:19:46] compressed=16K
[2026-06-05 15:19:48] uploaded id=1fN-rNJSTHpt8SZ5vf-q_v1F3vxLNFYlv size=16K
[2026-06-05 15:19:48] post: free_home=4927348K free_tmp=6977052K
[2026-06-05 15:19:48] === extraction_out_dashboard ===
[2026-06-05 15:19:48] src=/home/grec-alexander/Downloads/aic8800d80/extraction_out/dashboard free_home=4927324K free_tmp=6977052K
[2026-06-05 15:19:48] compressed=4.9M
[2026-06-05 15:19:50] uploaded id=16F_QrkAtbyT8EOkR-BI-kt7wQ1wOUgzc size=4.9M
[2026-06-05 15:19:50] post: free_home=4921996K free_tmp=6977052K
[2026-06-05 15:19:50] === extraction_out_reconstruction_small ===
[2026-06-05 15:19:50] src=/home/grec-alexander/Downloads/aic8800d80/extraction_out/reconstruction_small free_home=4921976K free_tmp=6977052K
[2026-06-05 15:19:54] compressed=13M
[2026-06-05 15:19:57] uploaded id=13Ldr0AVxGPwbXnjs9ikeI0wTzsuAtSxj size=13M
[2026-06-05 15:19:57] post: free_home=4907228K free_tmp=6977052K
[2026-06-05 15:19:57] DONE master upload
Filesystem      Size  Used Avail Use% Mounted on
/dev/nvme0n1p1  460G  432G  4.7G  99% /
tmpfs           7.5G  831M  6.7G  11% /tmp
